Archive member included to satisfy reference by file (symbol)

c:/users/egydi/appdata/roaming/xpacks/@xpack-dev-tools/arm-none-eabi-gcc/9.2.1-1.1.1/.content/bin/../lib/gcc/arm-none-eabi/9.2.1/../../../../arm-none-eabi/lib/thumb/v7e-m/nofp\libg_nano.a(lib_a-ctype_.o)
                              ./system/src/newlib/_syscalls.o (_ctype_)
c:/users/egydi/appdata/roaming/xpacks/@xpack-dev-tools/arm-none-eabi-gcc/9.2.1-1.1.1/.content/bin/../lib/gcc/arm-none-eabi/9.2.1/../../../../arm-none-eabi/lib/thumb/v7e-m/nofp\libg_nano.a(lib_a-errno.o)
                              ./system/src/newlib/_sbrk.o (__errno)
c:/users/egydi/appdata/roaming/xpacks/@xpack-dev-tools/arm-none-eabi-gcc/9.2.1-1.1.1/.content/bin/../lib/gcc/arm-none-eabi/9.2.1/../../../../arm-none-eabi/lib/thumb/v7e-m/nofp\libg_nano.a(lib_a-findfp.o)
                              ./system/src/newlib/_syscalls.o (__sinit)
c:/users/egydi/appdata/roaming/xpacks/@xpack-dev-tools/arm-none-eabi-gcc/9.2.1-1.1.1/.content/bin/../lib/gcc/arm-none-eabi/9.2.1/../../../../arm-none-eabi/lib/thumb/v7e-m/nofp\libg_nano.a(lib_a-fwalk.o)
                              c:/users/egydi/appdata/roaming/xpacks/@xpack-dev-tools/arm-none-eabi-gcc/9.2.1-1.1.1/.content/bin/../lib/gcc/arm-none-eabi/9.2.1/../../../../arm-none-eabi/lib/thumb/v7e-m/nofp\libg_nano.a(lib_a-findfp.o) (_fwalk)
c:/users/egydi/appdata/roaming/xpacks/@xpack-dev-tools/arm-none-eabi-gcc/9.2.1-1.1.1/.content/bin/../lib/gcc/arm-none-eabi/9.2.1/../../../../arm-none-eabi/lib/thumb/v7e-m/nofp\libg_nano.a(lib_a-impure.o)
                              c:/users/egydi/appdata/roaming/xpacks/@xpack-dev-tools/arm-none-eabi-gcc/9.2.1-1.1.1/.content/bin/../lib/gcc/arm-none-eabi/9.2.1/../../../../arm-none-eabi/lib/thumb/v7e-m/nofp\libg_nano.a(lib_a-findfp.o) (_global_impure_ptr)
c:/users/egydi/appdata/roaming/xpacks/@xpack-dev-tools/arm-none-eabi-gcc/9.2.1-1.1.1/.content/bin/../lib/gcc/arm-none-eabi/9.2.1/../../../../arm-none-eabi/lib/thumb/v7e-m/nofp\libg_nano.a(lib_a-lock.o)
                              c:/users/egydi/appdata/roaming/xpacks/@xpack-dev-tools/arm-none-eabi-gcc/9.2.1-1.1.1/.content/bin/../lib/gcc/arm-none-eabi/9.2.1/../../../../arm-none-eabi/lib/thumb/v7e-m/nofp\libg_nano.a(lib_a-findfp.o) (__retarget_lock_init_recursive)
c:/users/egydi/appdata/roaming/xpacks/@xpack-dev-tools/arm-none-eabi-gcc/9.2.1-1.1.1/.content/bin/../lib/gcc/arm-none-eabi/9.2.1/../../../../arm-none-eabi/lib/thumb/v7e-m/nofp\libg_nano.a(lib_a-memset.o)
                              ./system/src/newlib/_syscalls.o (memset)
c:/users/egydi/appdata/roaming/xpacks/@xpack-dev-tools/arm-none-eabi-gcc/9.2.1-1.1.1/.content/bin/../lib/gcc/arm-none-eabi/9.2.1/../../../../arm-none-eabi/lib/thumb/v7e-m/nofp\libg_nano.a(lib_a-nano-mallocr.o)
                              c:/users/egydi/appdata/roaming/xpacks/@xpack-dev-tools/arm-none-eabi-gcc/9.2.1-1.1.1/.content/bin/../lib/gcc/arm-none-eabi/9.2.1/../../../../arm-none-eabi/lib/thumb/v7e-m/nofp\libg_nano.a(lib_a-findfp.o) (_malloc_r)
c:/users/egydi/appdata/roaming/xpacks/@xpack-dev-tools/arm-none-eabi-gcc/9.2.1-1.1.1/.content/bin/../lib/gcc/arm-none-eabi/9.2.1/../../../../arm-none-eabi/lib/thumb/v7e-m/nofp\libg_nano.a(lib_a-sbrkr.o)
                              c:/users/egydi/appdata/roaming/xpacks/@xpack-dev-tools/arm-none-eabi-gcc/9.2.1-1.1.1/.content/bin/../lib/gcc/arm-none-eabi/9.2.1/../../../../arm-none-eabi/lib/thumb/v7e-m/nofp\libg_nano.a(lib_a-nano-mallocr.o) (_sbrk_r)
c:/users/egydi/appdata/roaming/xpacks/@xpack-dev-tools/arm-none-eabi-gcc/9.2.1-1.1.1/.content/bin/../lib/gcc/arm-none-eabi/9.2.1/../../../../arm-none-eabi/lib/thumb/v7e-m/nofp\libg_nano.a(lib_a-stdio.o)
                              c:/users/egydi/appdata/roaming/xpacks/@xpack-dev-tools/arm-none-eabi-gcc/9.2.1-1.1.1/.content/bin/../lib/gcc/arm-none-eabi/9.2.1/../../../../arm-none-eabi/lib/thumb/v7e-m/nofp\libg_nano.a(lib_a-findfp.o) (__sread)
c:/users/egydi/appdata/roaming/xpacks/@xpack-dev-tools/arm-none-eabi-gcc/9.2.1-1.1.1/.content/bin/../lib/gcc/arm-none-eabi/9.2.1/../../../../arm-none-eabi/lib/thumb/v7e-m/nofp\libg_nano.a(lib_a-strcmp.o)
                              ./system/src/cortexm/exception_handlers.o (strcmp)
c:/users/egydi/appdata/roaming/xpacks/@xpack-dev-tools/arm-none-eabi-gcc/9.2.1-1.1.1/.content/bin/../lib/gcc/arm-none-eabi/9.2.1/../../../../arm-none-eabi/lib/thumb/v7e-m/nofp\libg_nano.a(lib_a-strlen.o)
                              ./system/src/newlib/_syscalls.o (strlen)
c:/users/egydi/appdata/roaming/xpacks/@xpack-dev-tools/arm-none-eabi-gcc/9.2.1-1.1.1/.content/bin/../lib/gcc/arm-none-eabi/9.2.1/../../../../arm-none-eabi/lib/thumb/v7e-m/nofp\libg_nano.a(lib_a-strncpy.o)
                              ./system/src/newlib/_syscalls.o (strncpy)
c:/users/egydi/appdata/roaming/xpacks/@xpack-dev-tools/arm-none-eabi-gcc/9.2.1-1.1.1/.content/bin/../lib/gcc/arm-none-eabi/9.2.1/../../../../arm-none-eabi/lib/thumb/v7e-m/nofp\libg_nano.a(lib_a-vsnprintf.o)
[...]
Memory Configuration

Name             Origin             Length             Attributes
RAM              0x0000000020000000 0x0000000000020000 xrw
CCMRAM           0x0000000010000000 0x0000000000010000 xrw
FLASH            0x0000000008000000 0x0000000000100000 xr
FLASHB1          0x0000000000000000 0x0000000000000000 xr
EXTMEMB0         0x0000000000000000 0x0000000000000000 xr
EXTMEMB1         0x0000000000000000 0x0000000000000000 xr
EXTMEMB2         0x0000000000000000 0x0000000000000000 xr
EXTMEMB3         0x0000000000000000 0x0000000000000000 xr
MEMORY_ARRAY     0x0000000020002000 0x0000000000000020 xrw
*default*        0x0000000000000000 0xffffffffffffffff

Linker script and memory map

LOAD ./system/src/stm32f4-hal/stm32f4xx_hal.o
LOAD ./system/src/stm32f4-hal/stm32f4xx_hal_cortex.o
LOAD ./system/src/stm32f4-hal/stm32f4xx_hal_dfsdm.o
LOAD ./system/src/stm32f4-hal/stm32f4xx_hal_flash.o
LOAD ./system/src/stm32f4-hal/stm32f4xx_hal_gpio.o
LOAD ./system/src/stm32f4-hal/stm32f4xx_hal_iwdg.o
LOAD ./system/src/stm32f4-hal/stm32f4xx_hal_pwr.o
LOAD ./system/src/stm32f4-hal/stm32f4xx_hal_rcc.o
LOAD ./system/src/newlib/_cxx.o
LOAD ./system/src/newlib/_exit.o
LOAD ./system/src/newlib/_sbrk.o
LOAD ./system/src/newlib/_startup.o
LOAD ./system/src/newlib/_syscalls.o
LOAD ./system/src/newlib/assert.o
LOAD ./system/src/diag/Trace.o
LOAD ./system/src/diag/trace_impl.o
LOAD ./system/src/cortexm/_initialize_hardware.o
LOAD ./system/src/cortexm/_reset_hardware.o
LOAD ./system/src/cortexm/exception_handlers.o
LOAD ./system/src/cmsis/system_stm32f4xx.o
LOAD ./system/src/cmsis/vectors_stm32f407xx.o
LOAD ./src/_initialize_hardware.o
LOAD ./src/_write.o
LOAD ./src/main.o
LOAD ./src/stm32f4xx_hal_msp.o
LOAD c:/users/egydi/appdata/roaming/xpacks/@xpack-dev-tools/arm-none-eabi-gcc/9.2.1-1.1.1/.content/bin/../lib/gcc/arm-none-eabi/9.2.1/../../../../arm-none-eabi/lib/thumb/v7e-m/nofp\libstdc++_nano.a
LOAD c:/users/egydi/appdata/roaming/xpacks/@xpack-dev-tools/arm-none-eabi-gcc/9.2.1-1.1.1/.content/bin/../lib/gcc/arm-none-eabi/9.2.1/../../../../arm-none-eabi/lib/thumb/v7e-m/nofp\libm.a
START GROUP
LOAD c:/users/egydi/appdata/roaming/xpacks/@xpack-dev-tools/arm-none-eabi-gcc/9.2.1-1.1.1/.content/bin/../lib/gcc/arm-none-eabi/9.2.1/thumb/v7e-m/nofp\libgcc.a
LOAD c:/users/egydi/appdata/roaming/xpacks/@xpack-dev-tools/arm-none-eabi-gcc/9.2.1-1.1.1/.content/bin/../lib/gcc/arm-none-eabi/9.2.1/../../../../arm-none-eabi/lib/thumb/v7e-m/nofp\libg_nano.a
LOAD c:/users/egydi/appdata/roaming/xpacks/@xpack-dev-tools/arm-none-eabi-gcc/9.2.1-1.1.1/.content/bin/../lib/gcc/arm-none-eabi/9.2.1/../../../../arm-none-eabi/lib/thumb/v7e-m/nofp\libc_nano.a
END GROUP
START GROUP
LOAD c:/users/egydi/appdata/roaming/xpacks/@xpack-dev-tools/arm-none-eabi-gcc/9.2.1-1.1.1/.content/bin/../lib/gcc/arm-none-eabi/9.2.1/thumb/v7e-m/nofp\libgcc.a
LOAD c:/users/egydi/appdata/roaming/xpacks/@xpack-dev-tools/arm-none-eabi-gcc/9.2.1-1.1.1/.content/bin/../lib/gcc/arm-none-eabi/9.2.1/../../../../arm-none-eabi/lib/thumb/v7e-m/nofp\libc_nano.a
END GROUP
                0x0000000020020000                __stack = (ORIGIN (RAM) + LENGTH (RAM))
                0x0000000020020000                _estack = __stack
                0x0000000000000400                __Main_Stack_Size = 0x400
                [!provide]                        PROVIDE (_Main_Stack_Size = __Main_Stack_Size)
                0x000000002001fc00                __Main_Stack_Limit = (__stack - __Main_Stack_Size)
                [!provide]                        PROVIDE (_Main_Stack_Limit = __Main_Stack_Limit)
                0x0000000000000100                _Minimum_Stack_Size = 0x100
                0x0000000020000390                PROVIDE (_Heap_Begin = _end_noinit)
                0x000000002001fc00                PROVIDE (_Heap_Limit = (__stack - __Main_Stack_Size))

.isr_vector     0x0000000008000000      0x4d4
 FILL mask 0xff
                0x0000000008000000                __vectors_start = ABSOLUTE (.)
                0x0000000008000000                __vectors_start__ = ABSOLUTE (.)
 *(.isr_vector)
 .isr_vector    0x0000000008000000      0x188 ./system/src/cmsis/vectors_stm32f407xx.o
                0x0000000008000000                __isr_vectors
 *(.cfmconfig)
 *(.after_vectors .after_vectors.*)
 .after_vectors
                0x0000000008000188      0x1cc ./system/src/newlib/_startup.o
                0x0000000008000188                _start
 .after_vectors
                0x0000000008000354      0x178 ./system/src/cortexm/exception_handlers.o
                0x0000000008000354                Reset_Handler
                0x000000000800035c                NMI_Handler
                0x0000000008000364                HardFault_Handler
                0x000000000800037a                HardFault_Handler_C
                0x00000000080003ec                MemManage_Handler
                0x00000000080003f4                BusFault_Handler
                0x000000000800040a                BusFault_Handler_C
                0x0000000008000448                UsageFault_Handler
                0x000000000800045e                UsageFault_Handler_C
                0x000000000800049c                SVC_Handler
                0x00000000080004a4                DebugMon_Handler
                0x00000000080004ac                PendSV_Handler
 .after_vectors
                0x00000000080004cc        0x8 ./system/src/cmsis/vectors_stm32f407xx.o
                0x00000000080004cc                RTC_Alarm_IRQHandler
                0x00000000080004cc                HASH_RNG_IRQHandler
                0x00000000080004cc                EXTI2_IRQHandler
                0x00000000080004cc                TIM8_CC_IRQHandler
                0x00000000080004cc                TIM1_CC_IRQHandler
                0x00000000080004cc                DMA2_Stream5_IRQHandler
                0x00000000080004cc                DMA1_Stream5_IRQHandler
                0x00000000080004cc                PVD_IRQHandler
                0x00000000080004cc                SDIO_IRQHandler
                0x00000000080004cc                TAMP_STAMP_IRQHandler
                0x00000000080004cc                CAN2_RX1_IRQHandler
                0x00000000080004cc                EXTI3_IRQHandler
                0x00000000080004cc                TIM8_TRG_COM_TIM14_IRQHandler
                0x00000000080004cc                TIM1_UP_TIM10_IRQHandler
                0x00000000080004cc                TIM8_UP_TIM13_IRQHandler
                0x00000000080004cc                I2C3_ER_IRQHandler
                0x00000000080004cc                EXTI0_IRQHandler
                0x00000000080004cc                I2C2_EV_IRQHandler
                0x00000000080004cc                DMA1_Stream2_IRQHandler
                0x00000000080004cc                CAN1_RX0_IRQHandler
                0x00000000080004cc                FPU_IRQHandler
                0x00000000080004cc                OTG_HS_WKUP_IRQHandler
                0x00000000080004cc                CAN2_SCE_IRQHandler
                0x00000000080004cc                DMA2_Stream2_IRQHandler
                0x00000000080004cc                SPI1_IRQHandler
                0x00000000080004cc                TIM6_DAC_IRQHandler
                0x00000000080004cc                TIM1_BRK_TIM9_IRQHandler
                0x00000000080004cc                DCMI_IRQHandler
                0x00000000080004cc                CAN2_RX0_IRQHandler
                0x00000000080004cc                DMA2_Stream3_IRQHandler
                0x00000000080004cc                USART6_IRQHandler
                0x00000000080004cc                USART3_IRQHandler
                0x00000000080004cc                CAN1_RX1_IRQHandler
                0x00000000080004cc                UART5_IRQHandler
                0x00000000080004cc                DMA2_Stream0_IRQHandler
                0x00000000080004cc                TIM4_IRQHandler
                0x00000000080004cc                I2C1_EV_IRQHandler
                0x00000000080004cc                DMA1_Stream6_IRQHandler
                0x00000000080004cc                DMA1_Stream1_IRQHandler
                0x00000000080004cc                UART4_IRQHandler
                0x00000000080004cc                TIM3_IRQHandler
                0x00000000080004cc                RCC_IRQHandler
                0x00000000080004cc                TIM8_BRK_TIM12_IRQHandler
                0x00000000080004cc                Default_Handler
                0x00000000080004cc                EXTI15_10_IRQHandler
                0x00000000080004cc                ADC_IRQHandler
                0x00000000080004cc                DMA1_Stream7_IRQHandler
                0x00000000080004cc                TIM7_IRQHandler
                0x00000000080004cc                CAN2_TX_IRQHandler
                0x00000000080004cc                TIM5_IRQHandler
                0x00000000080004cc                DMA2_Stream7_IRQHandler
                0x00000000080004cc                I2C3_EV_IRQHandler
                0x00000000080004cc                EXTI9_5_IRQHandler
                0x00000000080004cc                RTC_WKUP_IRQHandler
                0x00000000080004cc                ETH_WKUP_IRQHandler
                0x00000000080004cc                SPI2_IRQHandler
                0x00000000080004cc                OTG_HS_EP1_IN_IRQHandler
                0x00000000080004cc                DMA1_Stream0_IRQHandler
                0x00000000080004cc                CAN1_TX_IRQHandler
                0x00000000080004cc                EXTI4_IRQHandler
                0x00000000080004cc                ETH_IRQHandler
                0x00000000080004cc                OTG_HS_EP1_OUT_IRQHandler
                0x00000000080004cc                WWDG_IRQHandler
                0x00000000080004cc                TIM2_IRQHandler
                0x00000000080004cc                OTG_FS_WKUP_IRQHandler
                0x00000000080004cc                TIM1_TRG_COM_TIM11_IRQHandler
                0x00000000080004cc                OTG_HS_IRQHandler
                0x00000000080004cc                EXTI1_IRQHandler
                0x00000000080004cc                USART2_IRQHandler
                0x00000000080004cc                I2C2_ER_IRQHandler
                0x00000000080004cc                DMA2_Stream1_IRQHandler
                0x00000000080004cc                CAN1_SCE_IRQHandler
                0x00000000080004cc                FLASH_IRQHandler
                0x00000000080004cc                DMA2_Stream4_IRQHandler
                0x00000000080004cc                USART1_IRQHandler
                0x00000000080004cc                OTG_FS_IRQHandler
                0x00000000080004cc                SPI3_IRQHandler
                0x00000000080004cc                DMA1_Stream4_IRQHandler
                0x00000000080004cc                I2C1_ER_IRQHandler
                0x00000000080004cc                FMC_IRQHandler
                0x00000000080004cc                DMA2_Stream6_IRQHandler
                0x00000000080004cc                DMA1_Stream3_IRQHandler

.inits          0x00000000080004d4       0x28
                0x00000000080004d4                __data_regions_array_start = .
                0x00000000080004d4        0x4 LONG 0x8005298 LOADADDR (.data)
                0x00000000080004d8        0x4 LONG 0x20000000 ADDR (.data)
                0x00000000080004dc        0x4 LONG 0x20000078 (ADDR (.data) + SIZEOF (.data))
                0x00000000080004e0        0x4 LONG 0x8005298 LOADADDR (.data_CCMRAM)
                0x00000000080004e4        0x4 LONG 0x10000000 ADDR (.data_CCMRAM)
                0x00000000080004e8        0x4 LONG 0x10000000 (ADDR (.data_CCMRAM) + SIZEOF (.data_CCMRAM))
                0x00000000080004ec                __data_regions_array_end = .
                0x00000000080004ec                __bss_regions_array_start = .
                0x00000000080004ec        0x4 LONG 0x20000078 ADDR (.bss)
                0x00000000080004f0        0x4 LONG 0x20000390 (ADDR (.bss) + SIZEOF (.bss))
                0x00000000080004f4        0x4 LONG 0x10000000 ADDR (.bss_CCMRAM)
                0x00000000080004f8        0x4 LONG 0x10000000 (ADDR (.bss_CCMRAM) + SIZEOF (.bss_CCMRAM))
                0x00000000080004fc                __bss_regions_array_end = .
 *(.init)
 *(.fini)
                0x00000000080004fc                . = ALIGN (0x4)
                0x00000000080004fc                PROVIDE (__preinit_array_start = .)
 *(.preinit_array_sysinit .preinit_array_sysinit.*)
 *(.preinit_array_platform .preinit_array_platform.*)
 *(.preinit_array .preinit_array.*)
                0x00000000080004fc                PROVIDE (__preinit_array_end = .)
                0x00000000080004fc                . = ALIGN (0x4)
                0x00000000080004fc                PROVIDE (__init_array_start = .)
 *(SORT_BY_NAME(.init_array.*))
 *(.init_array)
                0x00000000080004fc                PROVIDE (__init_array_end = .)
                0x00000000080004fc                . = ALIGN (0x4)
                0x00000000080004fc                PROVIDE (__fini_array_start = .)
 *(SORT_BY_NAME(.fini_array.*))
 *(.fini_array)
                0x00000000080004fc                PROVIDE (__fini_array_end = .)

.flashtext
 *(.flashtext .flashtext.*)

.text           0x0000000008000500     0x4d97
 *(.text .text.*)
 .text          0x0000000008000500      0x2d8 ./system/src/stm32f4-hal/stm32f4xx_hal.o
                0x0000000008000500                HAL_Init
                0x0000000008000544                HAL_DeInit
                0x00000000080005b4                HAL_InitTick
                0x00000000080005ec                HAL_IncTick
                0x0000000008000608                HAL_GetTick
                0x000000000800061c                HAL_Delay
                0x000000000800064a                HAL_SuspendTick
                0x0000000008000668                HAL_ResumeTick
                0x0000000008000684                HAL_GetHalVersion
                0x0000000008000698                HAL_GetREVID
                0x00000000080006b0                HAL_GetDEVID
                0x00000000080006c8                HAL_DBGMCU_EnableDBGSleepMode
                0x00000000080006e4                HAL_DBGMCU_DisableDBGSleepMode
                0x0000000008000700                HAL_DBGMCU_EnableDBGStopMode
                0x000000000800071c                HAL_DBGMCU_DisableDBGStopMode
                0x0000000008000738                HAL_DBGMCU_EnableDBGStandbyMode
                0x0000000008000754                HAL_DBGMCU_DisableDBGStandbyMode
                0x0000000008000770                HAL_EnableCompensationCell
                0x00000000080007a4                HAL_DisableCompensationCell
 .text          0x00000000080007d8      0x8e8 ./system/src/stm32f4-hal/stm32f4xx_hal_cortex.o
                0x0000000008000b54                HAL_NVIC_SetPriorityGrouping
                0x0000000008000b94                HAL_NVIC_SetPriority
                0x0000000008000bec                HAL_NVIC_EnableIRQ
                0x0000000008000c1c                HAL_NVIC_DisableIRQ
                0x0000000008000c4c                HAL_NVIC_SystemReset
                0x0000000008000c58                HAL_SYSTICK_Config
                0x0000000008000c70                HAL_MPU_ConfigRegion
                0x0000000008000f20                HAL_NVIC_GetPriorityGrouping
                0x0000000008000f2e                HAL_NVIC_GetPriority
                0x0000000008000f88                HAL_NVIC_SetPendingIRQ
                0x0000000008000fbc                HAL_NVIC_GetPendingIRQ
                0x0000000008000ff0                HAL_NVIC_ClearPendingIRQ
                0x0000000008001024                HAL_NVIC_GetActive
                0x0000000008001058                HAL_SYSTICK_CLKSourceConfig
                0x00000000080010a8                HAL_SYSTICK_IRQHandler
                0x00000000080010b4                HAL_SYSTICK_Callback
 .text          0x00000000080010c0      0x9a4 ./system/src/stm32f4-hal/stm32f4xx_hal_gpio.o
                0x00000000080010c0                HAL_GPIO_Init
                0x000000000800169c                HAL_GPIO_DeInit
                0x00000000080018f4                HAL_GPIO_ReadPin
                0x0000000008001934                HAL_GPIO_WritePin
                0x000000000800198c                HAL_GPIO_TogglePin
                0x00000000080019c0                HAL_GPIO_LockPin
                0x0000000008001a20                HAL_GPIO_EXTI_IRQHandler
                0x0000000008001a50                HAL_GPIO_EXTI_Callback
 .text          0x0000000008001a64      0xe40 ./system/src/stm32f4-hal/stm32f4xx_hal_rcc.o
                0x0000000008001a64                HAL_RCC_DeInit
                0x0000000008001a70                HAL_RCC_OscConfig
                0x0000000008001ff0                HAL_RCC_ClockConfig
                0x0000000008002368                HAL_RCC_MCOConfig
                0x00000000080024d0                HAL_RCC_EnableCSS
                0x00000000080024e8                HAL_RCC_DisableCSS
                0x0000000008002500                HAL_RCC_GetSysClockFreq
                0x0000000008002600                HAL_RCC_GetHCLKFreq
                0x0000000008002614                HAL_RCC_GetPCLK1Freq
                0x0000000008002658                HAL_RCC_GetPCLK2Freq
                0x000000000800269c                HAL_RCC_GetOscConfig
                0x0000000008002810                HAL_RCC_GetClockConfig
                0x0000000008002870                HAL_RCC_NMI_IRQHandler
                0x0000000008002898                HAL_RCC_CSSCallback
 .text          0x00000000080028a4       0x20 ./system/src/newlib/_exit.o
                0x00000000080028ae                abort
 .text          0x00000000080028c4       0x68 ./system/src/newlib/_sbrk.o
                0x00000000080028c4                _sbrk
 .text          0x000000000800292c      0xbf8 ./system/src/newlib/_syscalls.o
                0x000000000800292c                __initialize_args
                0x0000000008002a88                _exit
                0x0000000008002ac0                _kill
                0x0000000008002b80                initialise_monitor_handles
                0x0000000008002ce0                _swiread
                0x0000000008002d22                _read
                0x0000000008002d86                _swilseek
                0x0000000008002ea0                _lseek
                0x0000000008002ec0                _swiwrite
                0x0000000008002f02                _write
                0x0000000008002f78                _swiopen
                0x00000000080030c8                _open
                0x00000000080030ea                _swiclose
                0x000000000800311a                _close
                0x000000000800318c                _getpid
                0x00000000080031a0                _swistat
                0x000000000800321a                _fstat
                0x0000000008003240                _stat
                0x0000000008003292                _link
                0x00000000080032a8                _unlink
                0x00000000080032f6                _gettimeofday
                0x0000000008003350                _clock
                0x000000000800337a                _times
                0x00000000080033b0                _isatty
                0x0000000008003410                _system
                0x0000000008003486                _rename
                0x00000000080034e2                mkdir
                0x0000000008003502                getcwd
 .text          0x0000000008003524       0x64 ./system/src/newlib/assert.o
                0x0000000008003524                __assert_func
                0x000000000800356c                assert_failed
 .text          0x0000000008003588       0xf4 ./system/src/diag/Trace.o
                0x0000000008003588                trace_printf
                0x00000000080035cc                trace_puts
                0x00000000080035fc                trace_putchar
                0x0000000008003618                trace_dump_args
 .text          0x000000000800367c       0xce ./system/src/diag/trace_impl.o
                0x000000000800367c                trace_initialize
                0x0000000008003688                trace_write
 *fill*         0x000000000800374a        0x2 
 .text          0x000000000800374c       0x28 ./system/src/cortexm/_initialize_hardware.o
                0x000000000800374c                __initialize_hardware_early
 .text          0x0000000008003774      0x35c ./system/src/cortexm/exception_handlers.o
                0x00000000080037a4                dumpExceptionStack
                0x00000000080038d0                isSemihosting
 .text          0x0000000008003ad0      0x15c ./system/src/cmsis/system_stm32f4xx.o
                0x0000000008003ad0                SystemInit
                0x0000000008003b2c                SystemCoreClockUpdate
 .text          0x0000000008003c2c       0xd4 ./src/_initialize_hardware.o
                0x0000000008003c2c                __initialize_hardware
                0x0000000008003c40                SystemClock_Config
 .text          0x0000000008003d00      0x2f0 ./src/main.o
                0x0000000008003d98                main
                0x0000000008003de4                blink_orange
                0x0000000008003e0a                blink_green
                0x0000000008003e30                SysTick_Handler
                0x0000000008003e4c                get_ticks
                0x0000000008003e70                delay_ms
                0x0000000008003e9a                gpio_config
                0x0000000008003ec8                led_turnOn
                0x0000000008003eec                led_turnOff
                0x0000000008003f10                initialize_task_stack
 .text          0x0000000008003ff0       0x30 ./src/stm32f4xx_hal_msp.o
                0x0000000008003ff0                HAL_MspInit
                0x0000000008003ffc                HAL_MspDeInit
                0x0000000008004008                HAL_PPP_MspInit
                0x0000000008004014                HAL_PPP_MspDeInit
 .text.__errno  0x0000000008004020        0xc c:/users/egydi/appdata/roaming/xpacks/@xpack-dev-tools/arm-none-eabi-gcc/9.2.1-1.1.1/.content/bin/../lib/gcc/arm-none-eabi/9.2.1/../../../../arm-none-eabi/lib/thumb/v7e-m/nofp\libg_nano.a(lib_a-errno.o)
                0x0000000008004020                __errno
 .text.std      0x000000000800402c       0x48 c:/users/egydi/appdata/roaming/xpacks/@xpack-dev-tools/arm-none-eabi-gcc/9.2.1-1.1.1/.content/bin/../lib/gcc/arm-none-eabi/9.2.1/../../../../arm-none-eabi/lib/thumb/v7e-m/nofp\libg_nano.a(lib_a-findfp.o)
 .text._cleanup_r
                0x0000000008004074        0xc c:/users/egydi/appdata/roaming/xpacks/@xpack-dev-tools/arm-none-eabi-gcc/9.2.1-1.1.1/.content/bin/../lib/gcc/arm-none-eabi/9.2.1/../../../../arm-none-eabi/lib/thumb/v7e-m/nofp\libg_nano.a(lib_a-findfp.o)
                0x0000000008004074                _cleanup_r
 .text.__sfmoreglue
                0x0000000008004080       0x2c c:/users/egydi/appdata/roaming/xpacks/@xpack-dev-tools/arm-none-eabi-gcc/9.2.1-1.1.1/.content/bin/../lib/gcc/arm-none-eabi/9.2.1/../../../../arm-none-eabi/lib/thumb/v7e-m/nofp\libg_nano.a(lib_a-findfp.o)
                0x0000000008004080                __sfmoreglue
 .text.__sfp_lock_acquire
                0x00000000080040ac        0xc c:/users/egydi/appdata/roaming/xpacks/@xpack-dev-tools/arm-none-eabi-gcc/9.2.1-1.1.1/.content/bin/../lib/gcc/arm-none-eabi/9.2.1/../../../../arm-none-eabi/lib/thumb/v7e-m/nofp\libg_nano.a(lib_a-findfp.o)
                0x00000000080040ac                __sfp_lock_acquire
 .text.__sfp_lock_release
                0x00000000080040b8        0xc c:/users/egydi/appdata/roaming/xpacks/@xpack-dev-tools/arm-none-eabi-gcc/9.2.1-1.1.1/.content/bin/../lib/gcc/arm-none-eabi/9.2.1/../../../../arm-none-eabi/lib/thumb/v7e-m/nofp\libg_nano.a(lib_a-findfp.o)
                0x00000000080040b8                __sfp_lock_release
 .text.__sinit_lock_acquire
                0x00000000080040c4        0xc c:/users/egydi/appdata/roaming/xpacks/@xpack-dev-tools/arm-none-eabi-gcc/9.2.1-1.1.1/.content/bin/../lib/gcc/arm-none-eabi/9.2.1/../../../../arm-none-eabi/lib/thumb/v7e-m/nofp\libg_nano.a(lib_a-findfp.o)
                0x00000000080040c4                __sinit_lock_acquire
 .text.__sinit_lock_release
                0x00000000080040d0        0xc c:/users/egydi/appdata/roaming/xpacks/@xpack-dev-tools/arm-none-eabi-gcc/9.2.1-1.1.1/.content/bin/../lib/gcc/arm-none-eabi/9.2.1/../../../../arm-none-eabi/lib/thumb/v7e-m/nofp\libg_nano.a(lib_a-findfp.o)
                0x00000000080040d0                __sinit_lock_release
 .text.__sinit  0x00000000080040dc       0x70 c:/users/egydi/appdata/roaming/xpacks/@xpack-dev-tools/arm-none-eabi-gcc/9.2.1-1.1.1/.content/bin/../lib/gcc/arm-none-eabi/9.2.1/../../../../arm-none-eabi/lib/thumb/v7e-m/nofp\libg_nano.a(lib_a-findfp.o)
                0x00000000080040dc                __sinit
 .text.__sfp    0x000000000800414c       0x8c c:/users/egydi/appdata/roaming/xpacks/@xpack-dev-tools/arm-none-eabi-gcc/9.2.1-1.1.1/.content/bin/../lib/gcc/arm-none-eabi/9.2.1/../../../../arm-none-eabi/lib/thumb/v7e-m/nofp\libg_nano.a(lib_a-findfp.o)
                0x000000000800414c                __sfp
 .text._fwalk_reent
                0x00000000080041d8       0x3e c:/users/egydi/appdata/roaming/xpacks/@xpack-dev-tools/arm-none-eabi-gcc/9.2.1-1.1.1/.content/bin/../lib/gcc/arm-none-eabi/9.2.1/../../../../arm-none-eabi/lib/thumb/v7e-m/nofp\libg_nano.a(lib_a-fwalk.o)
                0x00000000080041d8                _fwalk_reent
 .text.__retarget_lock_init_recursive
                0x0000000008004216        0x2 c:/users/egydi/appdata/roaming/xpacks/@xpack-dev-tools/arm-none-eabi-gcc/9.2.1-1.1.1/.content/bin/../lib/gcc/arm-none-eabi/9.2.1/../../../../arm-none-eabi/lib/thumb/v7e-m/nofp\libg_nano.a(lib_a-lock.o)
                0x0000000008004216                __retarget_lock_init_recursive
 .text.__retarget_lock_acquire_recursive
                0x0000000008004218        0x2 c:/users/egydi/appdata/roaming/xpacks/@xpack-dev-tools/arm-none-eabi-gcc/9.2.1-1.1.1/.content/bin/../lib/gcc/arm-none-eabi/9.2.1/../../../../arm-none-eabi/lib/thumb/v7e-m/nofp\libg_nano.a(lib_a-lock.o)
                0x0000000008004218                __retarget_lock_acquire_recursive
 .text.__retarget_lock_release_recursive
                0x000000000800421a        0x2 c:/users/egydi/appdata/roaming/xpacks/@xpack-dev-tools/arm-none-eabi-gcc/9.2.1-1.1.1/.content/bin/../lib/gcc/arm-none-eabi/9.2.1/../../../../arm-none-eabi/lib/thumb/v7e-m/nofp\libg_nano.a(lib_a-lock.o)
                0x000000000800421a                __retarget_lock_release_recursive
 .text.memset   0x000000000800421c       0x10 c:/users/egydi/appdata/roaming/xpacks/@xpack-dev-tools/arm-none-eabi-gcc/9.2.1-1.1.1/.content/bin/../lib/gcc/arm-none-eabi/9.2.1/../../../../arm-none-eabi/lib/thumb/v7e-m/nofp\libg_nano.a(lib_a-memset.o)
                0x000000000800421c                memset
 .text._malloc_r
                0x000000000800422c       0xb4 c:/users/egydi/appdata/roaming/xpacks/@xpack-dev-tools/arm-none-eabi-gcc/9.2.1-1.1.1/.content/bin/../lib/gcc/arm-none-eabi/9.2.1/../../../../arm-none-eabi/lib/thumb/v7e-m/nofp\libg_nano.a(lib_a-nano-mallocr.o)
                0x000000000800422c                _malloc_r
 .text._sbrk_r  0x00000000080042e0       0x20 c:/users/egydi/appdata/roaming/xpacks/@xpack-dev-tools/arm-none-eabi-gcc/9.2.1-1.1.1/.content/bin/../lib/gcc/arm-none-eabi/9.2.1/../../../../arm-none-eabi/lib/thumb/v7e-m/nofp\libg_nano.a(lib_a-sbrkr.o)
                0x00000000080042e0                _sbrk_r
 .text.__sread  0x0000000008004300       0x22 c:/users/egydi/appdata/roaming/xpacks/@xpack-dev-tools/arm-none-eabi-gcc/9.2.1-1.1.1/.content/bin/../lib/gcc/arm-none-eabi/9.2.1/../../../../arm-none-eabi/lib/thumb/v7e-m/nofp\libg_nano.a(lib_a-stdio.o)
                0x0000000008004300                __sread
 .text.__swrite
                0x0000000008004322       0x38 c:/users/egydi/appdata/roaming/xpacks/@xpack-dev-tools/arm-none-eabi-gcc/9.2.1-1.1.1/.content/bin/../lib/gcc/arm-none-eabi/9.2.1/../../../../arm-none-eabi/lib/thumb/v7e-m/nofp\libg_nano.a(lib_a-stdio.o)
                0x0000000008004322                __swrite
 .text.__sseek  0x000000000800435a       0x24 c:/users/egydi/appdata/roaming/xpacks/@xpack-dev-tools/arm-none-eabi-gcc/9.2.1-1.1.1/.content/bin/../lib/gcc/arm-none-eabi/9.2.1/../../../../arm-none-eabi/lib/thumb/v7e-m/nofp\libg_nano.a(lib_a-stdio.o)
                0x000000000800435a                __sseek
 .text.__sclose
                0x000000000800437e        0x8 c:/users/egydi/appdata/roaming/xpacks/@xpack-dev-tools/arm-none-eabi-gcc/9.2.1-1.1.1/.content/bin/../lib/gcc/arm-none-eabi/9.2.1/../../../../arm-none-eabi/lib/thumb/v7e-m/nofp\libg_nano.a(lib_a-stdio.o)
                0x000000000800437e                __sclose
 .text          0x0000000008004386       0x14 c:/users/egydi/appdata/roaming/xpacks/@xpack-dev-tools/arm-none-eabi-gcc/9.2.1-1.1.1/.content/bin/../lib/gcc/arm-none-eabi/9.2.1/../../../../arm-none-eabi/lib/thumb/v7e-m/nofp\libg_nano.a(lib_a-strcmp.o)
                0x0000000008004386                strcmp
 .text          0x000000000800439a       0x10 c:/users/egydi/appdata/roaming/xpacks/@xpack-dev-tools/arm-none-eabi-gcc/9.2.1-1.1.1/.content/bin/../lib/gcc/arm-none-eabi/9.2.1/../../../../arm-none-eabi/lib/thumb/v7e-m/nofp\libg_nano.a(lib_a-strlen.o)
                0x000000000800439a                strlen
 .text.strncpy  0x00000000080043aa       0x26 c:/users/egydi/appdata/roaming/xpacks/@xpack-dev-tools/arm-none-eabi-gcc/9.2.1-1.1.1/.content/bin/../lib/gcc/arm-none-eabi/9.2.1/../../../../arm-none-eabi/lib/thumb/v7e-m/nofp\libg_nano.a(lib_a-strncpy.o)
                0x00000000080043aa                strncpy
 .text._vsnprintf_r
                0x00000000080043d0       0x58 c:/users/egydi/appdata/roaming/xpacks/@xpack-dev-tools/arm-none-eabi-gcc/9.2.1-1.1.1/.content/bin/../lib/gcc/arm-none-eabi/9.2.1/../../../../arm-none-eabi/lib/thumb/v7e-m/nofp\libg_nano.a(lib_a-vsnprintf.o)
                0x00000000080043d0                _vsniprintf_r
                0x00000000080043d0                _vsnprintf_r
 .text.vsnprintf
                0x0000000008004428       0x1c c:/users/egydi/appdata/roaming/xpacks/@xpack-dev-tools/arm-none-eabi-gcc/9.2.1-1.1.1/.content/bin/../lib/gcc/arm-none-eabi/9.2.1/../../../../arm-none-eabi/lib/thumb/v7e-m/nofp\libg_nano.a(lib_a-vsnprintf.o)
                0x0000000008004428                vsniprintf
                0x0000000008004428                vsnprintf
 .text._write_r
                0x0000000008004444       0x24 c:/users/egydi/appdata/roaming/xpacks/@xpack-dev-tools/arm-none-eabi-gcc/9.2.1-1.1.1/.content/bin/../lib/gcc/arm-none-eabi/9.2.1/../../../../arm-none-eabi/lib/thumb/v7e-m/nofp\libg_nano.a(lib_a-writer.o)
                0x0000000008004444                _write_r
 .text._close_r
                0x0000000008004468       0x20 c:/users/egydi/appdata/roaming/xpacks/@xpack-dev-tools/arm-none-eabi-gcc/9.2.1-1.1.1/.content/bin/../lib/gcc/arm-none-eabi/9.2.1/../../../../arm-none-eabi/lib/thumb/v7e-m/nofp\libg_nano.a(lib_a-closer.o)
                0x0000000008004468                _close_r
 .text.__sflush_r
                0x0000000008004488      0x10c c:/users/egydi/appdata/roaming/xpacks/@xpack-dev-tools/arm-none-eabi-gcc/9.2.1-1.1.1/.content/bin/../lib/gcc/arm-none-eabi/9.2.1/../../../../arm-none-eabi/lib/thumb/v7e-m/nofp\libg_nano.a(lib_a-fflush.o)
                0x0000000008004488                __sflush_r
 .text._fflush_r
                0x0000000008004594       0x78 c:/users/egydi/appdata/roaming/xpacks/@xpack-dev-tools/arm-none-eabi-gcc/9.2.1-1.1.1/.content/bin/../lib/gcc/arm-none-eabi/9.2.1/../../../../arm-none-eabi/lib/thumb/v7e-m/nofp\libg_nano.a(lib_a-fflush.o)
                0x0000000008004594                _fflush_r
 .text._lseek_r
                0x000000000800460c       0x24 c:/users/egydi/appdata/roaming/xpacks/@xpack-dev-tools/arm-none-eabi-gcc/9.2.1-1.1.1/.content/bin/../lib/gcc/arm-none-eabi/9.2.1/../../../../arm-none-eabi/lib/thumb/v7e-m/nofp\libg_nano.a(lib_a-lseekr.o)
                0x000000000800460c                _lseek_r
 .text.__malloc_lock
                0x0000000008004630        0xc c:/users/egydi/appdata/roaming/xpacks/@xpack-dev-tools/arm-none-eabi-gcc/9.2.1-1.1.1/.content/bin/../lib/gcc/arm-none-eabi/9.2.1/../../../../arm-none-eabi/lib/thumb/v7e-m/nofp\libg_nano.a(lib_a-mlock.o)
                0x0000000008004630                __malloc_lock
 .text.__malloc_unlock
                0x000000000800463c        0xc c:/users/egydi/appdata/roaming/xpacks/@xpack-dev-tools/arm-none-eabi-gcc/9.2.1-1.1.1/.content/bin/../lib/gcc/arm-none-eabi/9.2.1/../../../../arm-none-eabi/lib/thumb/v7e-m/nofp\libg_nano.a(lib_a-mlock.o)
                0x000000000800463c                __malloc_unlock
 .text._free_r  0x0000000008004648       0x9c c:/users/egydi/appdata/roaming/xpacks/@xpack-dev-tools/arm-none-eabi-gcc/9.2.1-1.1.1/.content/bin/../lib/gcc/arm-none-eabi/9.2.1/../../../../arm-none-eabi/lib/thumb/v7e-m/nofp\libg_nano.a(lib_a-nano-freer.o)
                0x0000000008004648                _free_r
 .text.__ssputs_r
                0x00000000080046e4       0xb6 c:/users/egydi/appdata/roaming/xpacks/@xpack-dev-tools/arm-none-eabi-gcc/9.2.1-1.1.1/.content/bin/../lib/gcc/arm-none-eabi/9.2.1/../../../../arm-none-eabi/lib/thumb/v7e-m/nofp\libg_nano.a(lib_a-nano-svfprintf.o)
                0x00000000080046e4                __ssputs_r
 *fill*         0x000000000800479a        0x2 
 .text._svfprintf_r
                0x000000000800479c      0x200 c:/users/egydi/appdata/roaming/xpacks/@xpack-dev-tools/arm-none-eabi-gcc/9.2.1-1.1.1/.content/bin/../lib/gcc/arm-none-eabi/9.2.1/../../../../arm-none-eabi/lib/thumb/v7e-m/nofp\libg_nano.a(lib_a-nano-svfprintf.o)
                0x000000000800479c                _svfiprintf_r
                0x000000000800479c                _svfprintf_r
 .text._printf_common
                0x000000000800499c       0xda c:/users/egydi/appdata/roaming/xpacks/@xpack-dev-tools/arm-none-eabi-gcc/9.2.1-1.1.1/.content/bin/../lib/gcc/arm-none-eabi/9.2.1/../../../../arm-none-eabi/lib/thumb/v7e-m/nofp\libg_nano.a(lib_a-nano-vfprintf_i.o)
                0x000000000800499c                _printf_common
 *fill*         0x0000000008004a76        0x2 
 .text._printf_i
                0x0000000008004a78      0x24c c:/users/egydi/appdata/roaming/xpacks/@xpack-dev-tools/arm-none-eabi-gcc/9.2.1-1.1.1/.content/bin/../lib/gcc/arm-none-eabi/9.2.1/../../../../arm-none-eabi/lib/thumb/v7e-m/nofp\libg_nano.a(lib_a-nano-vfprintf_i.o)
                0x0000000008004a78                _printf_i
 .text._read_r  0x0000000008004cc4       0x24 c:/users/egydi/appdata/roaming/xpacks/@xpack-dev-tools/arm-none-eabi-gcc/9.2.1-1.1.1/.content/bin/../lib/gcc/arm-none-eabi/9.2.1/../../../../arm-none-eabi/lib/thumb/v7e-m/nofp\libg_nano.a(lib_a-readr.o)
                0x0000000008004cc4                _read_r
 *fill*         0x0000000008004ce8        0x8 
 .text          0x0000000008004cf0       0xa0 c:/users/egydi/appdata/roaming/xpacks/@xpack-dev-tools/arm-none-eabi-gcc/9.2.1-1.1.1/.content/bin/../lib/gcc/arm-none-eabi/9.2.1/../../../../arm-none-eabi/lib/thumb/v7e-m/nofp\libg_nano.a(lib_a-memchr.o)
                0x0000000008004cf0                memchr
 .text.memcpy   0x0000000008004d90       0x1c c:/users/egydi/appdata/roaming/xpacks/@xpack-dev-tools/arm-none-eabi-gcc/9.2.1-1.1.1/.content/bin/../lib/gcc/arm-none-eabi/9.2.1/../../../../arm-none-eabi/lib/thumb/v7e-m/nofp\libg_nano.a(lib_a-memcpy-stub.o)
                0x0000000008004d90                memcpy
 .text.memmove  0x0000000008004dac       0x34 c:/users/egydi/appdata/roaming/xpacks/@xpack-dev-tools/arm-none-eabi-gcc/9.2.1-1.1.1/.content/bin/../lib/gcc/arm-none-eabi/9.2.1/../../../../arm-none-eabi/lib/thumb/v7e-m/nofp\libg_nano.a(lib_a-memmove.o)
                0x0000000008004dac                memmove
 .text._realloc_r
                0x0000000008004de0       0x4c c:/users/egydi/appdata/roaming/xpacks/@xpack-dev-tools/arm-none-eabi-gcc/9.2.1-1.1.1/.content/bin/../lib/gcc/arm-none-eabi/9.2.1/../../../../arm-none-eabi/lib/thumb/v7e-m/nofp\libg_nano.a(lib_a-nano-reallocr.o)
                0x0000000008004de0                _realloc_r
 .text._malloc_usable_size_r
                0x0000000008004e2c       0x10 c:/users/egydi/appdata/roaming/xpacks/@xpack-dev-tools/arm-none-eabi-gcc/9.2.1-1.1.1/.content/bin/../lib/gcc/arm-none-eabi/9.2.1/../../../../arm-none-eabi/lib/thumb/v7e-m/nofp\libg_nano.a(lib_a-nano-msizer.o)
                0x0000000008004e2c                _malloc_usable_size_r
 *(.rodata .rodata.* .constdata .constdata.*)
 .rodata        0x0000000008004e3c       0x31 ./system/src/stm32f4-hal/stm32f4xx_hal_cortex.o
 *fill*         0x0000000008004e6d        0x3 
 .rodata        0x0000000008004e70       0x2f ./system/src/stm32f4-hal/stm32f4xx_hal_gpio.o
 *fill*         0x0000000008004e9f        0x1 
 .rodata        0x0000000008004ea0       0x3e ./system/src/stm32f4-hal/stm32f4xx_hal_rcc.o
                0x0000000008004ea0                APBAHBPrescTable
 *fill*         0x0000000008004ede        0x2 
 .rodata        0x0000000008004ee0       0x14 ./system/src/newlib/_exit.o
 .rodata        0x0000000008004ef4        0x9 ./system/src/newlib/_syscalls.o
 *fill*         0x0000000008004efd        0x3 
 .rodata        0x0000000008004f00       0x6f ./system/src/newlib/assert.o
 *fill*         0x0000000008004f6f        0x1 
 .rodata        0x0000000008004f70       0x2d ./system/src/diag/Trace.o
 *fill*         0x0000000008004f9d        0x3 
 .rodata        0x0000000008004fa0      0x14a ./system/src/cortexm/exception_handlers.o
 *fill*         0x00000000080050ea        0x2 
 .rodata        0x00000000080050ec       0x10 ./system/src/cmsis/system_stm32f4xx.o
                0x00000000080050ec                AHBPrescTable
 .rodata._ctype_
                0x00000000080050fc      0x101 c:/users/egydi/appdata/roaming/xpacks/@xpack-dev-tools/arm-none-eabi-gcc/9.2.1-1.1.1/.content/bin/../lib/gcc/arm-none-eabi/9.2.1/../../../../arm-none-eabi/lib/thumb/v7e-m/nofp\libg_nano.a(lib_a-ctype_.o)
                0x00000000080050fc                _ctype_
 *fill*         0x00000000080051fd        0x3 
 .rodata.__sf_fake_stderr
                0x0000000008005200       0x20 c:/users/egydi/appdata/roaming/xpacks/@xpack-dev-tools/arm-none-eabi-gcc/9.2.1-1.1.1/.content/bin/../lib/gcc/arm-none-eabi/9.2.1/../../../../arm-none-eabi/lib/thumb/v7e-m/nofp\libg_nano.a(lib_a-findfp.o)
                0x0000000008005200                __sf_fake_stderr
 .rodata.__sf_fake_stdin
                0x0000000008005220       0x20 c:/users/egydi/appdata/roaming/xpacks/@xpack-dev-tools/arm-none-eabi-gcc/9.2.1-1.1.1/.content/bin/../lib/gcc/arm-none-eabi/9.2.1/../../../../arm-none-eabi/lib/thumb/v7e-m/nofp\libg_nano.a(lib_a-findfp.o)
                0x0000000008005220                __sf_fake_stdin
 .rodata.__sf_fake_stdout
                0x0000000008005240       0x20 c:/users/egydi/appdata/roaming/xpacks/@xpack-dev-tools/arm-none-eabi-gcc/9.2.1-1.1.1/.content/bin/../lib/gcc/arm-none-eabi/9.2.1/../../../../arm-none-eabi/lib/thumb/v7e-m/nofp\libg_nano.a(lib_a-findfp.o)
                0x0000000008005240                __sf_fake_stdout
 .rodata._global_impure_ptr
                0x0000000008005260        0x4 c:/users/egydi/appdata/roaming/xpacks/@xpack-dev-tools/arm-none-eabi-gcc/9.2.1-1.1.1/.content/bin/../lib/gcc/arm-none-eabi/9.2.1/../../../../arm-none-eabi/lib/thumb/v7e-m/nofp\libg_nano.a(lib_a-impure.o)
                0x0000000008005260                _global_impure_ptr
 .rodata._svfprintf_r.str1.1
                0x0000000008005264       0x11 c:/users/egydi/appdata/roaming/xpacks/@xpack-dev-tools/arm-none-eabi-gcc/9.2.1-1.1.1/.content/bin/../lib/gcc/arm-none-eabi/9.2.1/../../../../arm-none-eabi/lib/thumb/v7e-m/nofp\libg_nano.a(lib_a-nano-svfprintf.o)
 .rodata._printf_i.str1.1
                0x0000000008005275       0x22 c:/users/egydi/appdata/roaming/xpacks/@xpack-dev-tools/arm-none-eabi-gcc/9.2.1-1.1.1/.content/bin/../lib/gcc/arm-none-eabi/9.2.1/../../../../arm-none-eabi/lib/thumb/v7e-m/nofp\libg_nano.a(lib_a-nano-vfprintf_i.o)
 *(vtable)
 *(.eh_frame*)
 *(.glue_7)
 .glue_7        0x0000000008005297        0x0 linker stubs
 *(.glue_7t)
 .glue_7t       0x0000000008005297        0x0 linker stubs

.vfp11_veneer   0x0000000008005298        0x0
 .vfp11_veneer  0x0000000008005298        0x0 linker stubs

.v4_bx          0x0000000008005298        0x0
 .v4_bx         0x0000000008005298        0x0 linker stubs

.iplt           0x0000000008005298        0x0
 .iplt          0x0000000008005298        0x0 ./system/src/stm32f4-hal/stm32f4xx_hal.o

.rel.dyn        0x0000000008005298        0x0
 .rel.iplt      0x0000000008005298        0x0 ./system/src/stm32f4-hal/stm32f4xx_hal.o

.ARM.extab
 *(.ARM.extab* .gnu.linkonce.armextab.*)
                0x0000000008005298                . = ALIGN (0x4)
                0x0000000008005298                __exidx_start = .

.ARM.exidx
 *(.ARM.exidx* .gnu.linkonce.armexidx.*)
                0x0000000008005298                __exidx_end = .
                0x0000000008005298                . = ALIGN (0x4)
                0x0000000008005298                _etext = .
                0x0000000008005298                __etext = .

.data_CCMRAM    0x0000000010000000        0x0 load address 0x0000000008005298
 FILL mask 0xff
 *(.data.CCMRAM .data.CCMRAM.*)
                0x0000000010000000                . = ALIGN (0x4)
                0x0000000008005298                _sidata = LOADADDR (.data)

.data           0x0000000020000000       0x78 load address 0x0000000008005298
 FILL mask 0xff
                0x0000000020000000                _sdata = .
                0x0000000020000000                __data_start__ = .
 *(.data_begin .data_begin.*)
 .data_begin    0x0000000020000000        0x4 ./system/src/newlib/_startup.o
 *(.data .data.*)
 .data          0x0000000020000004        0x4 ./system/src/cmsis/system_stm32f4xx.o
                0x0000000020000004                SystemCoreClock
 .data          0x0000000020000008        0x8 ./src/main.o
                0x0000000020000008                sp_orange
                0x000000002000000c                sp_green
 .data._impure_ptr
                0x0000000020000010        0x4 c:/users/egydi/appdata/roaming/xpacks/@xpack-dev-tools/arm-none-eabi-gcc/9.2.1-1.1.1/.content/bin/../lib/gcc/arm-none-eabi/9.2.1/../../../../arm-none-eabi/lib/thumb/v7e-m/nofp\libg_nano.a(lib_a-impure.o)
                0x0000000020000010                _impure_ptr
 .data.impure_data
                0x0000000020000014       0x60 c:/users/egydi/appdata/roaming/xpacks/@xpack-dev-tools/arm-none-eabi-gcc/9.2.1-1.1.1/.content/bin/../lib/gcc/arm-none-eabi/9.2.1/../../../../arm-none-eabi/lib/thumb/v7e-m/nofp\libg_nano.a(lib_a-impure.o)
 *(.data_end .data_end.*)
 .data_end      0x0000000020000074        0x4 ./system/src/newlib/_startup.o
                0x0000000020000078                . = ALIGN (0x4)
                0x0000000020000078                _edata = .
                0x0000000020000078                __data_end__ = .

.igot.plt       0x0000000020000078        0x0 load address 0x0000000008005310
 .igot.plt      0x0000000020000078        0x0 ./system/src/stm32f4-hal/stm32f4xx_hal.o

.bss_CCMRAM     0x0000000010000000        0x0
 *(.bss.CCMRAM .bss.CCMRAM.*)

.bss            0x0000000020000078      0x318
                0x0000000020000078                __bss_start__ = .
                0x0000000020000078                _sbss = .
 *(.bss_begin .bss_begin.*)
 .bss_begin     0x0000000020000078        0x4 ./system/src/newlib/_startup.o
 *(.bss .bss.*)
 .bss           0x000000002000007c        0x4 ./system/src/newlib/_sbrk.o
 .bss           0x0000000020000080      0x12c ./system/src/newlib/_syscalls.o
                0x0000000020000080                __dso_handle
                0x0000000020000084                __env
 .bss           0x00000000200001ac       0x80 ./system/src/diag/Trace.o
 .bss           0x000000002000022c        0x4 ./src/main.o
                0x000000002000022c                msTicks
 .bss.__malloc_free_list
                0x0000000020000230        0x4 c:/users/egydi/appdata/roaming/xpacks/@xpack-dev-tools/arm-none-eabi-gcc/9.2.1-1.1.1/.content/bin/../lib/gcc/arm-none-eabi/9.2.1/../../../../arm-none-eabi/lib/thumb/v7e-m/nofp\libg_nano.a(lib_a-nano-mallocr.o)
                0x0000000020000230                __malloc_free_list
 .bss.__malloc_sbrk_start
                0x0000000020000234        0x4 c:/users/egydi/appdata/roaming/xpacks/@xpack-dev-tools/arm-none-eabi-gcc/9.2.1-1.1.1/.content/bin/../lib/gcc/arm-none-eabi/9.2.1/../../../../arm-none-eabi/lib/thumb/v7e-m/nofp\libg_nano.a(lib_a-nano-mallocr.o)
                0x0000000020000234                __malloc_sbrk_start
 *(COMMON)
 COMMON         0x0000000020000238        0x4 ./system/src/stm32f4-hal/stm32f4xx_hal.o
                0x0000000020000238                uwTick
 COMMON         0x000000002000023c        0x4 ./system/src/newlib/_syscalls.o
                0x000000002000023c                errno
 COMMON         0x0000000020000240      0x140 ./src/main.o
                0x0000000020000240                orange_stack
                0x00000000200002e0                green_stack
 COMMON         0x0000000020000380        0x9 c:/users/egydi/appdata/roaming/xpacks/@xpack-dev-tools/arm-none-eabi-gcc/9.2.1-1.1.1/.content/bin/../lib/gcc/arm-none-eabi/9.2.1/../../../../arm-none-eabi/lib/thumb/v7e-m/nofp\libg_nano.a(lib_a-lock.o)
                0x0000000020000380                __lock___atexit_recursive_mutex
                0x0000000020000381                __lock___arc4random_mutex
                0x0000000020000382                __lock___env_recursive_mutex
                0x0000000020000383                __lock___sinit_recursive_mutex
                0x0000000020000384                __lock___malloc_recursive_mutex
                0x0000000020000385                __lock___at_quick_exit_mutex
                0x0000000020000386                __lock___dd_hash_mutex
                0x0000000020000387                __lock___tz_mutex
                0x0000000020000388                __lock___sfp_recursive_mutex
 *(.bss_end .bss_end.*)
 *fill*         0x0000000020000389        0x3 
 .bss_end       0x000000002000038c        0x4 ./system/src/newlib/_startup.o
                0x0000000020000390                . = ALIGN (0x4)
                0x0000000020000390                __bss_end__ = .
                0x0000000020000390                _ebss = .

.noinit_CCMRAM
 *(.noinit.CCMRAM .noinit.CCMRAM.*)

.noinit         0x0000000020000390        0x0
                0x0000000020000390                _noinit = .
 *(.noinit .noinit.*)
                0x0000000020000390                . = ALIGN (0x4)
                0x0000000020000390                _end_noinit = .
                [!provide]                        PROVIDE (end = _end_noinit)
                [!provide]                        PROVIDE (_end = _end_noinit)
                [!provide]                        PROVIDE (__end = _end_noinit)
                [!provide]                        PROVIDE (__end__ = _end_noinit)

._check_stack   0x0000000020000390      0x100
                0x0000000020000490                . = (. + _Minimum_Stack_Size)
 *fill*         0x0000000020000390      0x100 

.b1text
 *(.b1text)
 *(.b1rodata)
 *(.b1rodata.*)

.eb0text
 *(.eb0text)
 *(.eb0rodata)
 *(.eb0rodata.*)

.eb1text
 *(.eb1text)
 *(.eb1rodata)
 *(.eb1rodata.*)

.eb2text
 *(.eb2text)
 *(.eb2rodata)
 *(.eb2rodata.*)

.eb3text
 *(.eb3text)
 *(.eb3rodata)
 *(.eb3rodata.*)

.stab
 *(.stab)

.stabstr
 *(.stabstr)

.stab.excl
 *(.stab.excl)

.stab.exclstr
 *(.stab.exclstr)

.stab.index
 *(.stab.index)

.stab.indexstr
 *(.stab.indexstr)

.comment        0x0000000000000000       0x66
 *(.comment)
 .comment       0x0000000000000000       0x66 ./system/src/stm32f4-hal/stm32f4xx_hal.o
                                         0x67 (size before relaxing)
 .comment       0x0000000000000066       0x67 ./system/src/stm32f4-hal/stm32f4xx_hal_cortex.o
 .comment       0x0000000000000066       0x67 ./system/src/stm32f4-hal/stm32f4xx_hal_gpio.o
 .comment       0x0000000000000066       0x67 ./system/src/stm32f4-hal/stm32f4xx_hal_rcc.o
 .comment       0x0000000000000066       0x67 ./system/src/newlib/_exit.o
 .comment       0x0000000000000066       0x67 ./system/src/newlib/_sbrk.o
 .comment       0x0000000000000066       0x67 ./system/src/newlib/_startup.o
 .comment       0x0000000000000066       0x67 ./system/src/newlib/_syscalls.o
 .comment       0x0000000000000066       0x67 ./system/src/newlib/assert.o
 .comment       0x0000000000000066       0x67 ./system/src/diag/Trace.o
 .comment       0x0000000000000066       0x67 ./system/src/diag/trace_impl.o
 .comment       0x0000000000000066       0x67 ./system/src/cortexm/_initialize_hardware.o
 .comment       0x0000000000000066       0x67 ./system/src/cortexm/exception_handlers.o
 .comment       0x0000000000000066       0x67 ./system/src/cmsis/system_stm32f4xx.o
 .comment       0x0000000000000066       0x67 ./system/src/cmsis/vectors_stm32f407xx.o
 .comment       0x0000000000000066       0x67 ./src/_initialize_hardware.o
 .comment       0x0000000000000066       0x67 ./src/main.o
 .comment       0x0000000000000066       0x67 ./src/stm32f4xx_hal_msp.o

.ARM.attributes
                0x0000000000000000       0x2c
 .ARM.attributes
                0x0000000000000000       0x2e ./system/src/stm32f4-hal/stm32f4xx_hal.o
 .ARM.attributes
                0x000000000000002e       0x2e ./system/src/stm32f4-hal/stm32f4xx_hal_cortex.o
 .ARM.attributes
                0x000000000000005c       0x2e ./system/src/stm32f4-hal/stm32f4xx_hal_gpio.o
 .ARM.attributes
                0x000000000000008a       0x2e ./system/src/stm32f4-hal/stm32f4xx_hal_rcc.o
 .ARM.attributes
                0x00000000000000b8       0x2e ./system/src/newlib/_exit.o
 .ARM.attributes
                0x00000000000000e6       0x2e ./system/src/newlib/_sbrk.o
 .ARM.attributes
                0x0000000000000114       0x2e ./system/src/newlib/_startup.o
 .ARM.attributes
                0x0000000000000142       0x2e ./system/src/newlib/_syscalls.o
 .ARM.attributes
                0x0000000000000170       0x2e ./system/src/newlib/assert.o
 .ARM.attributes
                0x000000000000019e       0x2e ./system/src/diag/Trace.o
 .ARM.attributes
                0x00000000000001cc       0x2e ./system/src/diag/trace_impl.o
 .ARM.attributes
                0x00000000000001fa       0x2e ./system/src/cortexm/_initialize_hardware.o
 .ARM.attributes
                0x0000000000000228       0x2e ./system/src/cortexm/exception_handlers.o
 .ARM.attributes
                0x0000000000000256       0x2e ./system/src/cmsis/system_stm32f4xx.o
 .ARM.attributes
                0x0000000000000284       0x2e ./system/src/cmsis/vectors_stm32f407xx.o
 .ARM.attributes
                0x00000000000002b2       0x2e ./src/_initialize_hardware.o
 .ARM.attributes
                0x00000000000002e0       0x2e ./src/main.o
 .ARM.attributes
                0x000000000000030e       0x2e ./src/stm32f4xx_hal_msp.o
 .ARM.attributes
                0x000000000000033c       0x2e c:/users/egydi/appdata/roaming/xpacks/@xpack-dev-tools/arm-none-eabi-gcc/9.2.1-1.1.1/.content/bin/../lib/gcc/arm-none-eabi/9.2.1/../../../../arm-none-eabi/lib/thumb/v7e-m/nofp\libg_nano.a(lib_a-ctype_.o)
 .ARM.attributes
                0x000000000000036a       0x2e c:/users/egydi/appdata/roaming/xpacks/@xpack-dev-tools/arm-none-eabi-gcc/9.2.1-1.1.1/.content/bin/../lib/gcc/arm-none-eabi/9.2.1/../../../../arm-none-eabi/lib/thumb/v7e-m/nofp\libg_nano.a(lib_a-errno.o)
 .ARM.attributes
                0x0000000000000398       0x2e c:/users/egydi/appdata/roaming/xpacks/@xpack-dev-tools/arm-none-eabi-gcc/9.2.1-1.1.1/.content/bin/../lib/gcc/arm-none-eabi/9.2.1/../../../../arm-none-eabi/lib/thumb/v7e-m/nofp\libg_nano.a(lib_a-findfp.o)
 .ARM.attributes
                0x00000000000003c6       0x2e c:/users/egydi/appdata/roaming/xpacks/@xpack-dev-tools/arm-none-eabi-gcc/9.2.1-1.1.1/.content/bin/../lib/gcc/arm-none-eabi/9.2.1/../../../../arm-none-eabi/lib/thumb/v7e-m/nofp\libg_nano.a(lib_a-fwalk.o)
 .ARM.attributes
                0x00000000000003f4       0x2e c:/users/egydi/appdata/roaming/xpacks/@xpack-dev-tools/arm-none-eabi-gcc/9.2.1-1.1.1/.content/bin/../lib/gcc/arm-none-eabi/9.2.1/../../../../arm-none-eabi/lib/thumb/v7e-m/nofp\libg_nano.a(lib_a-impure.o)
 .ARM.attributes
                0x0000000000000422       0x2e c:/users/egydi/appdata/roaming/xpacks/@xpack-dev-tools/arm-none-eabi-gcc/9.2.1-1.1.1/.content/bin/../lib/gcc/arm-none-eabi/9.2.1/../../../../arm-none-eabi/lib/thumb/v7e-m/nofp\libg_nano.a(lib_a-lock.o)
 .ARM.attributes
                0x0000000000000450       0x2e c:/users/egydi/appdata/roaming/xpacks/@xpack-dev-tools/arm-none-eabi-gcc/9.2.1-1.1.1/.content/bin/../lib/gcc/arm-none-eabi/9.2.1/../../../../arm-none-eabi/lib/thumb/v7e-m/nofp\libg_nano.a(lib_a-memset.o)
 .ARM.attributes
                0x000000000000047e       0x2e c:/users/egydi/appdata/roaming/xpacks/@xpack-dev-tools/arm-none-eabi-gcc/9.2.1-1.1.1/.content/bin/../lib/gcc/arm-none-eabi/9.2.1/../../../../arm-none-eabi/lib/thumb/v7e-m/nofp\libg_nano.a(lib_a-nano-mallocr.o)
 .ARM.attributes
                0x00000000000004ac       0x2e c:/users/egydi/appdata/roaming/xpacks/@xpack-dev-tools/arm-none-eabi-gcc/9.2.1-1.1.1/.content/bin/../lib/gcc/arm-none-eabi/9.2.1/../../../../arm-none-eabi/lib/thumb/v7e-m/nofp\libg_nano.a(lib_a-sbrkr.o)
 .ARM.attributes
                0x00000000000004da       0x2e c:/users/egydi/appdata/roaming/xpacks/@xpack-dev-tools/arm-none-eabi-gcc/9.2.1-1.1.1/.content/bin/../lib/gcc/arm-none-eabi/9.2.1/../../../../arm-none-eabi/lib/thumb/v7e-m/nofp\libg_nano.a(lib_a-stdio.o)
 .ARM.attributes
                0x0000000000000508       0x1c c:/users/egydi/appdata/roaming/xpacks/@xpack-dev-tools/arm-none-eabi-gcc/9.2.1-1.1.1/.content/bin/../lib/gcc/arm-none-eabi/9.2.1/../../../../arm-none-eabi/lib/thumb/v7e-m/nofp\libg_nano.a(lib_a-strcmp.o)
 .ARM.attributes
                0x0000000000000524       0x17 c:/users/egydi/appdata/roaming/xpacks/@xpack-dev-tools/arm-none-eabi-gcc/9.2.1-1.1.1/.content/bin/../lib/gcc/arm-none-eabi/9.2.1/../../../../arm-none-eabi/lib/thumb/v7e-m/nofp\libg_nano.a(lib_a-strlen.o)
 .ARM.attributes
                0x000000000000053b       0x2e c:/users/egydi/appdata/roaming/xpacks/@xpack-dev-tools/arm-none-eabi-gcc/9.2.1-1.1.1/.content/bin/../lib/gcc/arm-none-eabi/9.2.1/../../../../arm-none-eabi/lib/thumb/v7e-m/nofp\libg_nano.a(lib_a-strncpy.o)
 .ARM.attributes
                0x0000000000000569       0x2e c:/users/egydi/appdata/roaming/xpacks/@xpack-dev-tools/arm-none-eabi-gcc/9.2.1-1.1.1/.content/bin/../lib/gcc/arm-none-eabi/9.2.1/../../../../arm-none-eabi/lib/thumb/v7e-m/nofp\libg_nano.a(lib_a-vsnprintf.o)
 .ARM.attributes
                0x0000000000000597       0x2e c:/users/egydi/appdata/roaming/xpacks/@xpack-dev-tools/arm-none-eabi-gcc/9.2.1-1.1.1/.content/bin/../lib/gcc/arm-none-eabi/9.2.1/../../../../arm-none-eabi/lib/thumb/v7e-m/nofp\libg_nano.a(lib_a-writer.o)
 .ARM.attributes
                0x00000000000005c5       0x2e c:/users/egydi/appdata/roaming/xpacks/@xpack-dev-tools/arm-none-eabi-gcc/9.2.1-1.1.1/.content/bin/../lib/gcc/arm-none-eabi/9.2.1/../../../../arm-none-eabi/lib/thumb/v7e-m/nofp\libg_nano.a(lib_a-closer.o)
 .ARM.attributes
                0x00000000000005f3       0x2e c:/users/egydi/appdata/roaming/xpacks/@xpack-dev-tools/arm-none-eabi-gcc/9.2.1-1.1.1/.content/bin/../lib/gcc/arm-none-eabi/9.2.1/../../../../arm-none-eabi/lib/thumb/v7e-m/nofp\libg_nano.a(lib_a-fflush.o)
 .ARM.attributes
                0x0000000000000621       0x2e c:/users/egydi/appdata/roaming/xpacks/@xpack-dev-tools/arm-none-eabi-gcc/9.2.1-1.1.1/.content/bin/../lib/gcc/arm-none-eabi/9.2.1/../../../../arm-none-eabi/lib/thumb/v7e-m/nofp\libg_nano.a(lib_a-lseekr.o)
 .ARM.attributes
                0x000000000000064f       0x2e c:/users/egydi/appdata/roaming/xpacks/@xpack-dev-tools/arm-none-eabi-gcc/9.2.1-1.1.1/.content/bin/../lib/gcc/arm-none-eabi/9.2.1/../../../../arm-none-eabi/lib/thumb/v7e-m/nofp\libg_nano.a(lib_a-mlock.o)
 .ARM.attributes
                0x000000000000067d       0x2e c:/users/egydi/appdata/roaming/xpacks/@xpack-dev-tools/arm-none-eabi-gcc/9.2.1-1.1.1/.content/bin/../lib/gcc/arm-none-eabi/9.2.1/../../../../arm-none-eabi/lib/thumb/v7e-m/nofp\libg_nano.a(lib_a-nano-freer.o)
 .ARM.attributes
                0x00000000000006ab       0x2e c:/users/egydi/appdata/roaming/xpacks/@xpack-dev-tools/arm-none-eabi-gcc/9.2.1-1.1.1/.content/bin/../lib/gcc/arm-none-eabi/9.2.1/../../../../arm-none-eabi/lib/thumb/v7e-m/nofp\libg_nano.a(lib_a-nano-svfprintf.o)
 .ARM.attributes
                0x00000000000006d9       0x2e c:/users/egydi/appdata/roaming/xpacks/@xpack-dev-tools/arm-none-eabi-gcc/9.2.1-1.1.1/.content/bin/../lib/gcc/arm-none-eabi/9.2.1/../../../../arm-none-eabi/lib/thumb/v7e-m/nofp\libg_nano.a(lib_a-nano-vfprintf_i.o)
 .ARM.attributes
                0x0000000000000707       0x2e c:/users/egydi/appdata/roaming/xpacks/@xpack-dev-tools/arm-none-eabi-gcc/9.2.1-1.1.1/.content/bin/../lib/gcc/arm-none-eabi/9.2.1/../../../../arm-none-eabi/lib/thumb/v7e-m/nofp\libg_nano.a(lib_a-readr.o)
 .ARM.attributes
                0x0000000000000735       0x1c c:/users/egydi/appdata/roaming/xpacks/@xpack-dev-tools/arm-none-eabi-gcc/9.2.1-1.1.1/.content/bin/../lib/gcc/arm-none-eabi/9.2.1/../../../../arm-none-eabi/lib/thumb/v7e-m/nofp\libg_nano.a(lib_a-memchr.o)
 .ARM.attributes
                0x0000000000000751       0x2e c:/users/egydi/appdata/roaming/xpacks/@xpack-dev-tools/arm-none-eabi-gcc/9.2.1-1.1.1/.content/bin/../lib/gcc/arm-none-eabi/9.2.1/../../../../arm-none-eabi/lib/thumb/v7e-m/nofp\libg_nano.a(lib_a-memcpy-stub.o)
 .ARM.attributes
                0x000000000000077f       0x2e c:/users/egydi/appdata/roaming/xpacks/@xpack-dev-tools/arm-none-eabi-gcc/9.2.1-1.1.1/.content/bin/../lib/gcc/arm-none-eabi/9.2.1/../../../../arm-none-eabi/lib/thumb/v7e-m/nofp\libg_nano.a(lib_a-memmove.o)
 .ARM.attributes
                0x00000000000007ad       0x2e c:/users/egydi/appdata/roaming/xpacks/@xpack-dev-tools/arm-none-eabi-gcc/9.2.1-1.1.1/.content/bin/../lib/gcc/arm-none-eabi/9.2.1/../../../../arm-none-eabi/lib/thumb/v7e-m/nofp\libg_nano.a(lib_a-nano-reallocr.o)
 .ARM.attributes
                0x00000000000007db       0x2e c:/users/egydi/appdata/roaming/xpacks/@xpack-dev-tools/arm-none-eabi-gcc/9.2.1-1.1.1/.content/bin/../lib/gcc/arm-none-eabi/9.2.1/../../../../arm-none-eabi/lib/thumb/v7e-m/nofp\libg_nano.a(lib_a-nano-msizer.o)

.debug
 *(.debug)

.line
 *(.line)

.debug_srcinfo
 *(.debug_srcinfo)

.debug_sfnames
 *(.debug_sfnames)

.debug_aranges  0x0000000000000000      0x2b0
 *(.debug_aranges)
 .debug_aranges
                0x0000000000000000       0x20 ./system/src/stm32f4-hal/stm32f4xx_hal.o
 .debug_aranges
                0x0000000000000020       0x20 ./system/src/stm32f4-hal/stm32f4xx_hal_cortex.o
 .debug_aranges
                0x0000000000000040       0x20 ./system/src/stm32f4-hal/stm32f4xx_hal_gpio.o
 .debug_aranges
                0x0000000000000060       0x20 ./system/src/stm32f4-hal/stm32f4xx_hal_rcc.o
 .debug_aranges
                0x0000000000000080       0x20 ./system/src/newlib/_exit.o
 .debug_aranges
                0x00000000000000a0       0x20 ./system/src/newlib/_sbrk.o
 .debug_aranges
                0x00000000000000c0       0x28 ./system/src/newlib/_startup.o
 .debug_aranges
                0x00000000000000e8       0x20 ./system/src/newlib/_syscalls.o
 .debug_aranges
                0x0000000000000108       0x20 ./system/src/newlib/assert.o
 .debug_aranges
                0x0000000000000128       0x20 ./system/src/diag/Trace.o
 .debug_aranges
                0x0000000000000148       0x20 ./system/src/diag/trace_impl.o
 .debug_aranges
                0x0000000000000168       0x20 ./system/src/cortexm/_initialize_hardware.o
 .debug_aranges
                0x0000000000000188       0x88 ./system/src/cortexm/exception_handlers.o
 .debug_aranges
                0x0000000000000210       0x20 ./system/src/cmsis/system_stm32f4xx.o
 .debug_aranges
                0x0000000000000230       0x20 ./system/src/cmsis/vectors_stm32f407xx.o
 .debug_aranges
                0x0000000000000250       0x20 ./src/_initialize_hardware.o
 .debug_aranges
                0x0000000000000270       0x20 ./src/main.o
 .debug_aranges
                0x0000000000000290       0x20 ./src/stm32f4xx_hal_msp.o

.debug_pubnames
 *(.debug_pubnames)

.debug_info     0x0000000000000000     0xf5cd
 *(.debug_info .gnu.linkonce.wi.*)
 .debug_info    0x0000000000000000     0x1130 ./system/src/stm32f4-hal/stm32f4xx_hal.o
 .debug_info    0x0000000000001130     0x1665 ./system/src/stm32f4-hal/stm32f4xx_hal_cortex.o
 .debug_info    0x0000000000002795     0x1033 ./system/src/stm32f4-hal/stm32f4xx_hal_gpio.o
 .debug_info    0x00000000000037c8     0x13ce ./system/src/stm32f4-hal/stm32f4xx_hal_rcc.o
 .debug_info    0x0000000000004b96      0x9a7 ./system/src/newlib/_exit.o
 .debug_info    0x000000000000553d      0x9b1 ./system/src/newlib/_sbrk.o
 .debug_info    0x0000000000005eee      0x465 ./system/src/newlib/_startup.o
 .debug_info    0x0000000000006353     0x1c7c ./system/src/newlib/_syscalls.o
 .debug_info    0x0000000000007fcf      0xa2d ./system/src/newlib/assert.o
 .debug_info    0x00000000000089fc      0xaa4 ./system/src/diag/Trace.o
 .debug_info    0x00000000000094a0      0xbfe ./system/src/diag/trace_impl.o
 .debug_info    0x000000000000a09e      0xb6f ./system/src/cortexm/_initialize_hardware.o
 .debug_info    0x000000000000ac0d     0x102c ./system/src/cortexm/exception_handlers.o
 .debug_info    0x000000000000bc39      0xdb8 ./system/src/cmsis/system_stm32f4xx.o
 .debug_info    0x000000000000c9f1       0xce ./system/src/cmsis/vectors_stm32f407xx.o
 .debug_info    0x000000000000cabf      0xd2e ./src/_initialize_hardware.o
 .debug_info    0x000000000000d7ed     0x1431 ./src/main.o
 .debug_info    0x000000000000ec1e      0x9af ./src/stm32f4xx_hal_msp.o

.debug_abbrev   0x0000000000000000     0x2e46
 *(.debug_abbrev)
 .debug_abbrev  0x0000000000000000      0x340 ./system/src/stm32f4-hal/stm32f4xx_hal.o
 .debug_abbrev  0x0000000000000340      0x3d7 ./system/src/stm32f4-hal/stm32f4xx_hal_cortex.o
 .debug_abbrev  0x0000000000000717      0x2c5 ./system/src/stm32f4-hal/stm32f4xx_hal_gpio.o
 .debug_abbrev  0x00000000000009dc      0x3c3 ./system/src/stm32f4-hal/stm32f4xx_hal_rcc.o
 .debug_abbrev  0x0000000000000d9f      0x203 ./system/src/newlib/_exit.o
 .debug_abbrev  0x0000000000000fa2      0x1fb ./system/src/newlib/_sbrk.o
 .debug_abbrev  0x000000000000119d      0x186 ./system/src/newlib/_startup.o
 .debug_abbrev  0x0000000000001323      0x430 ./system/src/newlib/_syscalls.o
 .debug_abbrev  0x0000000000001753      0x205 ./system/src/newlib/assert.o
 .debug_abbrev  0x0000000000001958      0x256 ./system/src/diag/Trace.o
 .debug_abbrev  0x0000000000001bae      0x308 ./system/src/diag/trace_impl.o
 .debug_abbrev  0x0000000000001eb6      0x1ea ./system/src/cortexm/_initialize_hardware.o
 .debug_abbrev  0x00000000000020a0      0x349 ./system/src/cortexm/exception_handlers.o
 .debug_abbrev  0x00000000000023e9      0x24a ./system/src/cmsis/system_stm32f4xx.o
 .debug_abbrev  0x0000000000002633       0xa5 ./system/src/cmsis/vectors_stm32f407xx.o
 .debug_abbrev  0x00000000000026d8      0x22b ./src/_initialize_hardware.o
 .debug_abbrev  0x0000000000002903      0x36a ./src/main.o
 .debug_abbrev  0x0000000000002c6d      0x1d9 ./src/stm32f4xx_hal_msp.o

.debug_line     0x0000000000000000     0xb71c
 *(.debug_line)
 .debug_line    0x0000000000000000      0xbfe ./system/src/stm32f4-hal/stm32f4xx_hal.o
 .debug_line    0x0000000000000bfe      0xff0 ./system/src/stm32f4-hal/stm32f4xx_hal_cortex.o
 .debug_line    0x0000000000001bee     0x10b5 ./system/src/stm32f4-hal/stm32f4xx_hal_gpio.o
 .debug_line    0x0000000000002ca3     0x12fd ./system/src/stm32f4-hal/stm32f4xx_hal_rcc.o
 .debug_line    0x0000000000003fa0      0x3ee ./system/src/newlib/_exit.o
 .debug_line    0x000000000000438e      0x3c2 ./system/src/newlib/_sbrk.o
 .debug_line    0x0000000000004750      0x58d ./system/src/newlib/_startup.o
 .debug_line    0x0000000000004cdd      0xb4f ./system/src/newlib/_syscalls.o
 .debug_line    0x000000000000582c      0x441 ./system/src/newlib/assert.o
 .debug_line    0x0000000000005c6d      0x472 ./system/src/diag/Trace.o
 .debug_line    0x00000000000060df      0xbd8 ./system/src/diag/trace_impl.o
 .debug_line    0x0000000000006cb7      0xb22 ./system/src/cortexm/_initialize_hardware.o
 .debug_line    0x00000000000077d9      0xe2a ./system/src/cortexm/exception_handlers.o
 .debug_line    0x0000000000008603      0xb93 ./system/src/cmsis/system_stm32f4xx.o
 .debug_line    0x0000000000009196      0x2e8 ./system/src/cmsis/vectors_stm32f407xx.o
 .debug_line    0x000000000000947e      0xb2c ./src/_initialize_hardware.o
 .debug_line    0x0000000000009faa      0xc80 ./src/main.o
 .debug_line    0x000000000000ac2a      0xaf2 ./src/stm32f4xx_hal_msp.o

.debug_frame    0x0000000000000000     0x1e44
 *(.debug_frame)
 .debug_frame   0x0000000000000000      0x2c0 ./system/src/stm32f4-hal/stm32f4xx_hal.o
 .debug_frame   0x00000000000002c0      0x44c ./system/src/stm32f4-hal/stm32f4xx_hal_cortex.o
 .debug_frame   0x000000000000070c      0x13c ./system/src/stm32f4-hal/stm32f4xx_hal_gpio.o
 .debug_frame   0x0000000000000848      0x200 ./system/src/stm32f4-hal/stm32f4xx_hal_rcc.o
 .debug_frame   0x0000000000000a48       0x48 ./system/src/newlib/_exit.o
 .debug_frame   0x0000000000000a90       0x34 ./system/src/newlib/_sbrk.o
 .debug_frame   0x0000000000000ac4       0xc8 ./system/src/newlib/_startup.o
 .debug_frame   0x0000000000000b8c      0x50c ./system/src/newlib/_syscalls.o
 .debug_frame   0x0000000000001098       0x50 ./system/src/newlib/assert.o
 .debug_frame   0x00000000000010e8       0xb8 ./system/src/diag/Trace.o
 .debug_frame   0x00000000000011a0       0x7c ./system/src/diag/trace_impl.o
 .debug_frame   0x000000000000121c       0x48 ./system/src/cortexm/_initialize_hardware.o
 .debug_frame   0x0000000000001264      0x1b8 ./system/src/cortexm/exception_handlers.o
 .debug_frame   0x000000000000141c       0x58 ./system/src/cmsis/system_stm32f4xx.o
 .debug_frame   0x0000000000001474       0x28 ./system/src/cmsis/vectors_stm32f407xx.o
 .debug_frame   0x000000000000149c       0x50 ./src/_initialize_hardware.o
 .debug_frame   0x00000000000014ec      0x1b0 ./src/main.o
 .debug_frame   0x000000000000169c       0x90 ./src/stm32f4xx_hal_msp.o
 .debug_frame   0x000000000000172c       0x20 c:/users/egydi/appdata/roaming/xpacks/@xpack-dev-tools/arm-none-eabi-gcc/9.2.1-1.1.1/.content/bin/../lib/gcc/arm-none-eabi/9.2.1/../../../../arm-none-eabi/lib/thumb/v7e-m/nofp\libg_nano.a(lib_a-errno.o)
 .debug_frame   0x000000000000174c      0x14c c:/users/egydi/appdata/roaming/xpacks/@xpack-dev-tools/arm-none-eabi-gcc/9.2.1-1.1.1/.content/bin/../lib/gcc/arm-none-eabi/9.2.1/../../../../arm-none-eabi/lib/thumb/v7e-m/nofp\libg_nano.a(lib_a-findfp.o)
 .debug_frame   0x0000000000001898       0x54 c:/users/egydi/appdata/roaming/xpacks/@xpack-dev-tools/arm-none-eabi-gcc/9.2.1-1.1.1/.content/bin/../lib/gcc/arm-none-eabi/9.2.1/../../../../arm-none-eabi/lib/thumb/v7e-m/nofp\libg_nano.a(lib_a-fwalk.o)
 .debug_frame   0x00000000000018ec       0xb0 c:/users/egydi/appdata/roaming/xpacks/@xpack-dev-tools/arm-none-eabi-gcc/9.2.1-1.1.1/.content/bin/../lib/gcc/arm-none-eabi/9.2.1/../../../../arm-none-eabi/lib/thumb/v7e-m/nofp\libg_nano.a(lib_a-lock.o)
 .debug_frame   0x000000000000199c       0x20 c:/users/egydi/appdata/roaming/xpacks/@xpack-dev-tools/arm-none-eabi-gcc/9.2.1-1.1.1/.content/bin/../lib/gcc/arm-none-eabi/9.2.1/../../../../arm-none-eabi/lib/thumb/v7e-m/nofp\libg_nano.a(lib_a-memset.o)
 .debug_frame   0x00000000000019bc       0x30 c:/users/egydi/appdata/roaming/xpacks/@xpack-dev-tools/arm-none-eabi-gcc/9.2.1-1.1.1/.content/bin/../lib/gcc/arm-none-eabi/9.2.1/../../../../arm-none-eabi/lib/thumb/v7e-m/nofp\libg_nano.a(lib_a-nano-mallocr.o)
 .debug_frame   0x00000000000019ec       0x2c c:/users/egydi/appdata/roaming/xpacks/@xpack-dev-tools/arm-none-eabi-gcc/9.2.1-1.1.1/.content/bin/../lib/gcc/arm-none-eabi/9.2.1/../../../../arm-none-eabi/lib/thumb/v7e-m/nofp\libg_nano.a(lib_a-sbrkr.o)
 .debug_frame   0x0000000000001a18       0x88 c:/users/egydi/appdata/roaming/xpacks/@xpack-dev-tools/arm-none-eabi-gcc/9.2.1-1.1.1/.content/bin/../lib/gcc/arm-none-eabi/9.2.1/../../../../arm-none-eabi/lib/thumb/v7e-m/nofp\libg_nano.a(lib_a-stdio.o)
 .debug_frame   0x0000000000001aa0       0x20 c:/users/egydi/appdata/roaming/xpacks/@xpack-dev-tools/arm-none-eabi-gcc/9.2.1-1.1.1/.content/bin/../lib/gcc/arm-none-eabi/9.2.1/../../../../arm-none-eabi/lib/thumb/v7e-m/nofp\libg_nano.a(lib_a-strcmp.o)
 .debug_frame   0x0000000000001ac0       0x28 c:/users/egydi/appdata/roaming/xpacks/@xpack-dev-tools/arm-none-eabi-gcc/9.2.1-1.1.1/.content/bin/../lib/gcc/arm-none-eabi/9.2.1/../../../../arm-none-eabi/lib/thumb/v7e-m/nofp\libg_nano.a(lib_a-strncpy.o)
 .debug_frame   0x0000000000001ae8       0x4c c:/users/egydi/appdata/roaming/xpacks/@xpack-dev-tools/arm-none-eabi-gcc/9.2.1-1.1.1/.content/bin/../lib/gcc/arm-none-eabi/9.2.1/../../../../arm-none-eabi/lib/thumb/v7e-m/nofp\libg_nano.a(lib_a-vsnprintf.o)
 .debug_frame   0x0000000000001b34       0x2c c:/users/egydi/appdata/roaming/xpacks/@xpack-dev-tools/arm-none-eabi-gcc/9.2.1-1.1.1/.content/bin/../lib/gcc/arm-none-eabi/9.2.1/../../../../arm-none-eabi/lib/thumb/v7e-m/nofp\libg_nano.a(lib_a-writer.o)
 .debug_frame   0x0000000000001b60       0x2c c:/users/egydi/appdata/roaming/xpacks/@xpack-dev-tools/arm-none-eabi-gcc/9.2.1-1.1.1/.content/bin/../lib/gcc/arm-none-eabi/9.2.1/../../../../arm-none-eabi/lib/thumb/v7e-m/nofp\libg_nano.a(lib_a-closer.o)
 .debug_frame   0x0000000000001b8c       0x5c c:/users/egydi/appdata/roaming/xpacks/@xpack-dev-tools/arm-none-eabi-gcc/9.2.1-1.1.1/.content/bin/../lib/gcc/arm-none-eabi/9.2.1/../../../../arm-none-eabi/lib/thumb/v7e-m/nofp\libg_nano.a(lib_a-fflush.o)
 .debug_frame   0x0000000000001be8       0x2c c:/users/egydi/appdata/roaming/xpacks/@xpack-dev-tools/arm-none-eabi-gcc/9.2.1-1.1.1/.content/bin/../lib/gcc/arm-none-eabi/9.2.1/../../../../arm-none-eabi/lib/thumb/v7e-m/nofp\libg_nano.a(lib_a-lseekr.o)
 .debug_frame   0x0000000000001c14       0x30 c:/users/egydi/appdata/roaming/xpacks/@xpack-dev-tools/arm-none-eabi-gcc/9.2.1-1.1.1/.content/bin/../lib/gcc/arm-none-eabi/9.2.1/../../../../arm-none-eabi/lib/thumb/v7e-m/nofp\libg_nano.a(lib_a-mlock.o)
 .debug_frame   0x0000000000001c44       0x38 c:/users/egydi/appdata/roaming/xpacks/@xpack-dev-tools/arm-none-eabi-gcc/9.2.1-1.1.1/.content/bin/../lib/gcc/arm-none-eabi/9.2.1/../../../../arm-none-eabi/lib/thumb/v7e-m/nofp\libg_nano.a(lib_a-nano-freer.o)
 .debug_frame   0x0000000000001c7c       0x90 c:/users/egydi/appdata/roaming/xpacks/@xpack-dev-tools/arm-none-eabi-gcc/9.2.1-1.1.1/.content/bin/../lib/gcc/arm-none-eabi/9.2.1/../../../../arm-none-eabi/lib/thumb/v7e-m/nofp\libg_nano.a(lib_a-nano-svfprintf.o)
 .debug_frame   0x0000000000001d0c       0x60 c:/users/egydi/appdata/roaming/xpacks/@xpack-dev-tools/arm-none-eabi-gcc/9.2.1-1.1.1/.content/bin/../lib/gcc/arm-none-eabi/9.2.1/../../../../arm-none-eabi/lib/thumb/v7e-m/nofp\libg_nano.a(lib_a-nano-vfprintf_i.o)
 .debug_frame   0x0000000000001d6c       0x2c c:/users/egydi/appdata/roaming/xpacks/@xpack-dev-tools/arm-none-eabi-gcc/9.2.1-1.1.1/.content/bin/../lib/gcc/arm-none-eabi/9.2.1/../../../../arm-none-eabi/lib/thumb/v7e-m/nofp\libg_nano.a(lib_a-readr.o)
 .debug_frame   0x0000000000001d98       0x28 c:/users/egydi/appdata/roaming/xpacks/@xpack-dev-tools/arm-none-eabi-gcc/9.2.1-1.1.1/.content/bin/../lib/gcc/arm-none-eabi/9.2.1/../../../../arm-none-eabi/lib/thumb/v7e-m/nofp\libg_nano.a(lib_a-memcpy-stub.o)
 .debug_frame   0x0000000000001dc0       0x28 c:/users/egydi/appdata/roaming/xpacks/@xpack-dev-tools/arm-none-eabi-gcc/9.2.1-1.1.1/.content/bin/../lib/gcc/arm-none-eabi/9.2.1/../../../../arm-none-eabi/lib/thumb/v7e-m/nofp\libg_nano.a(lib_a-memmove.o)
 .debug_frame   0x0000000000001de8       0x3c c:/users/egydi/appdata/roaming/xpacks/@xpack-dev-tools/arm-none-eabi-gcc/9.2.1-1.1.1/.content/bin/../lib/gcc/arm-none-eabi/9.2.1/../../../../arm-none-eabi/lib/thumb/v7e-m/nofp\libg_nano.a(lib_a-nano-reallocr.o)
 .debug_frame   0x0000000000001e24       0x20 c:/users/egydi/appdata/roaming/xpacks/@xpack-dev-tools/arm-none-eabi-gcc/9.2.1-1.1.1/.content/bin/../lib/gcc/arm-none-eabi/9.2.1/../../../../arm-none-eabi/lib/thumb/v7e-m/nofp\libg_nano.a(lib_a-nano-msizer.o)

.debug_str      0x0000000000000000    0x9c6b4
 *(.debug_str)
 .debug_str     0x0000000000000000    0x97be7 ./system/src/stm32f4-hal/stm32f4xx_hal.o
                                      0x97ff8 (size before relaxing)
 .debug_str     0x0000000000097be7      0x3cb ./system/src/stm32f4-hal/stm32f4xx_hal_cortex.o
                                      0x97ec0 (size before relaxing)
 .debug_str     0x0000000000097fb2      0x2dd ./system/src/stm32f4-hal/stm32f4xx_hal_gpio.o
                                      0x978d1 (size before relaxing)
 .debug_str     0x000000000009828f      0x393 ./system/src/stm32f4-hal/stm32f4xx_hal_rcc.o
                                      0x97a38 (size before relaxing)
 .debug_str     0x0000000000098622     0x10ef ./system/src/newlib/_exit.o
                                       0x7ee9 (size before relaxing)
 .debug_str     0x0000000000099711      0x4ed ./system/src/newlib/_sbrk.o
                                       0x729e (size before relaxing)
 .debug_str     0x0000000000099bfe      0x27d ./system/src/newlib/_startup.o
                                       0x699f (size before relaxing)
 .debug_str     0x0000000000099e7b     0x203c ./system/src/newlib/_syscalls.o
                                       0xb3dd (size before relaxing)
 .debug_str     0x000000000009beb7       0xd1 ./system/src/newlib/assert.o
                                       0x8997 (size before relaxing)
 .debug_str     0x000000000009bf88      0x158 ./system/src/diag/Trace.o
                                       0x864f (size before relaxing)
 .debug_str     0x000000000009c0e0       0xae ./system/src/diag/trace_impl.o
                                      0x987e7 (size before relaxing)
 .debug_str     0x000000000009c18e       0x6f ./system/src/cortexm/_initialize_hardware.o
                                      0x97562 (size before relaxing)
 .debug_str     0x000000000009c1fd      0x1d5 ./system/src/cortexm/exception_handlers.o
                                      0x989c7 (size before relaxing)
 .debug_str     0x000000000009c3d2       0x67 ./system/src/cmsis/system_stm32f4xx.o
                                      0x97652 (size before relaxing)
 .debug_str     0x000000000009c439       0x59 ./system/src/cmsis/vectors_stm32f407xx.o
                                       0x3dc1 (size before relaxing)
 .debug_str     0x000000000009c492       0x31 ./src/_initialize_hardware.o
                                      0x976e0 (size before relaxing)
 .debug_str     0x000000000009c4c3      0x1b4 ./src/main.o
                                      0x98e18 (size before relaxing)
 .debug_str     0x000000000009c677       0x3d ./src/stm32f4xx_hal_msp.o
                                      0x974c1 (size before relaxing)

.debug_loc
 *(.debug_loc)

.debug_macinfo
 *(.debug_macinfo)

.debug_weaknames
 *(.debug_weaknames)

.debug_funcnames
 *(.debug_funcnames)

.debug_typenames
 *(.debug_typenames)

.debug_varnames
 *(.debug_varnames)
OUTPUT(STM32_Ex02-StackFrame.elf elf32-littlearm)

.debug_macro    0x0000000000000000    0x1c685
 .debug_macro   0x0000000000000000      0x56d ./system/src/stm32f4-hal/stm32f4xx_hal.o
 .debug_macro   0x000000000000056d      0xaba ./system/src/stm32f4-hal/stm32f4xx_hal.o
 .debug_macro   0x0000000000001027      0x289 ./system/src/stm32f4-hal/stm32f4xx_hal.o
 .debug_macro   0x00000000000012b0       0x31 ./system/src/stm32f4-hal/stm32f4xx_hal.o
 .debug_macro   0x00000000000012e1       0x28 ./system/src/stm32f4-hal/stm32f4xx_hal.o
 .debug_macro   0x0000000000001309       0x22 ./system/src/stm32f4-hal/stm32f4xx_hal.o
 .debug_macro   0x000000000000132b       0x8e ./system/src/stm32f4-hal/stm32f4xx_hal.o
 .debug_macro   0x00000000000013b9       0x51 ./system/src/stm32f4-hal/stm32f4xx_hal.o
 .debug_macro   0x000000000000140a       0xef ./system/src/stm32f4-hal/stm32f4xx_hal.o
 .debug_macro   0x00000000000014f9       0x6a ./system/src/stm32f4-hal/stm32f4xx_hal.o
 .debug_macro   0x0000000000001563      0x1df ./system/src/stm32f4-hal/stm32f4xx_hal.o
 .debug_macro   0x0000000000001742       0x35 ./system/src/stm32f4-hal/stm32f4xx_hal.o
 .debug_macro   0x0000000000001777       0x50 ./system/src/stm32f4-hal/stm32f4xx_hal.o
 .debug_macro   0x00000000000017c7      0xe66 ./system/src/stm32f4-hal/stm32f4xx_hal.o
 .debug_macro   0x000000000000262d     0x93f9 ./system/src/stm32f4-hal/stm32f4xx_hal.o
 .debug_macro   0x000000000000ba26       0x43 ./system/src/stm32f4-hal/stm32f4xx_hal.o
 .debug_macro   0x000000000000ba69     0x347f ./system/src/stm32f4-hal/stm32f4xx_hal.o
 .debug_macro   0x000000000000eee8       0x64 ./system/src/stm32f4-hal/stm32f4xx_hal.o
 .debug_macro   0x000000000000ef4c       0x18 ./system/src/stm32f4-hal/stm32f4xx_hal.o
 .debug_macro   0x000000000000ef64       0x35 ./system/src/stm32f4-hal/stm32f4xx_hal.o
 .debug_macro   0x000000000000ef99       0x34 ./system/src/stm32f4-hal/stm32f4xx_hal.o
 .debug_macro   0x000000000000efcd       0x16 ./system/src/stm32f4-hal/stm32f4xx_hal.o
 .debug_macro   0x000000000000efe3       0x97 ./system/src/stm32f4-hal/stm32f4xx_hal.o
 .debug_macro   0x000000000000f07a      0x339 ./system/src/stm32f4-hal/stm32f4xx_hal.o
 .debug_macro   0x000000000000f3b3       0xfd ./system/src/stm32f4-hal/stm32f4xx_hal.o
 .debug_macro   0x000000000000f4b0       0x10 ./system/src/stm32f4-hal/stm32f4xx_hal.o
 .debug_macro   0x000000000000f4c0       0x58 ./system/src/stm32f4-hal/stm32f4xx_hal.o
 .debug_macro   0x000000000000f518       0x1f ./system/src/stm32f4-hal/stm32f4xx_hal.o
 .debug_macro   0x000000000000f537       0x43 ./system/src/stm32f4-hal/stm32f4xx_hal.o
 .debug_macro   0x000000000000f57a       0x20 ./system/src/stm32f4-hal/stm32f4xx_hal.o
 .debug_macro   0x000000000000f59a      0x18e ./system/src/stm32f4-hal/stm32f4xx_hal.o
 .debug_macro   0x000000000000f728       0x10 ./system/src/stm32f4-hal/stm32f4xx_hal.o
 .debug_macro   0x000000000000f738       0x1c ./system/src/stm32f4-hal/stm32f4xx_hal.o
 .debug_macro   0x000000000000f754       0x52 ./system/src/stm32f4-hal/stm32f4xx_hal.o
 .debug_macro   0x000000000000f7a6       0x40 ./system/src/stm32f4-hal/stm32f4xx_hal.o
 .debug_macro   0x000000000000f7e6       0x10 ./system/src/stm32f4-hal/stm32f4xx_hal.o
 .debug_macro   0x000000000000f7f6       0x40 ./system/src/stm32f4-hal/stm32f4xx_hal.o
 .debug_macro   0x000000000000f836       0xd7 ./system/src/stm32f4-hal/stm32f4xx_hal.o
 .debug_macro   0x000000000000f90d       0x1c ./system/src/stm32f4-hal/stm32f4xx_hal.o
 .debug_macro   0x000000000000f929       0x3d ./system/src/stm32f4-hal/stm32f4xx_hal.o
 .debug_macro   0x000000000000f966       0x16 ./system/src/stm32f4-hal/stm32f4xx_hal.o
 .debug_macro   0x000000000000f97c      0x16f ./system/src/stm32f4-hal/stm32f4xx_hal.o
 .debug_macro   0x000000000000faeb       0x57 ./system/src/stm32f4-hal/stm32f4xx_hal.o
 .debug_macro   0x000000000000fb42      0x964 ./system/src/stm32f4-hal/stm32f4xx_hal.o
 .debug_macro   0x00000000000104a6      0x9e1 ./system/src/stm32f4-hal/stm32f4xx_hal.o
 .debug_macro   0x0000000000010e87      0x11e ./system/src/stm32f4-hal/stm32f4xx_hal.o
 .debug_macro   0x0000000000010fa5      0x13e ./system/src/stm32f4-hal/stm32f4xx_hal.o
 .debug_macro   0x00000000000110e3       0x27 ./system/src/stm32f4-hal/stm32f4xx_hal.o
 .debug_macro   0x000000000001110a      0x287 ./system/src/stm32f4-hal/stm32f4xx_hal.o
 .debug_macro   0x0000000000011391       0x5f ./system/src/stm32f4-hal/stm32f4xx_hal.o
 .debug_macro   0x00000000000113f0      0x23a ./system/src/stm32f4-hal/stm32f4xx_hal.o
 .debug_macro   0x000000000001162a      0x391 ./system/src/stm32f4-hal/stm32f4xx_hal.o
 .debug_macro   0x00000000000119bb      0x16f ./system/src/stm32f4-hal/stm32f4xx_hal.o
 .debug_macro   0x0000000000011b2a       0xf9 ./system/src/stm32f4-hal/stm32f4xx_hal.o
 .debug_macro   0x0000000000011c23      0x36e ./system/src/stm32f4-hal/stm32f4xx_hal.o
 .debug_macro   0x0000000000011f91       0x23 ./system/src/stm32f4-hal/stm32f4xx_hal.o
 .debug_macro   0x0000000000011fb4       0xe6 ./system/src/stm32f4-hal/stm32f4xx_hal.o
 .debug_macro   0x000000000001209a       0xa1 ./system/src/stm32f4-hal/stm32f4xx_hal.o
 .debug_macro   0x000000000001213b       0x3c ./system/src/stm32f4-hal/stm32f4xx_hal.o
 .debug_macro   0x0000000000012177       0x1f ./system/src/stm32f4-hal/stm32f4xx_hal.o
 .debug_macro   0x0000000000012196      0x1cd ./system/src/stm32f4-hal/stm32f4xx_hal.o
 .debug_macro   0x0000000000012363      0xcd6 ./system/src/stm32f4-hal/stm32f4xx_hal.o
 .debug_macro   0x0000000000013039      0x13a ./system/src/stm32f4-hal/stm32f4xx_hal.o
 .debug_macro   0x0000000000013173      0x21e ./system/src/stm32f4-hal/stm32f4xx_hal.o
 .debug_macro   0x0000000000013391       0x2e ./system/src/stm32f4-hal/stm32f4xx_hal.o
 .debug_macro   0x00000000000133bf      0x543 ./system/src/stm32f4-hal/stm32f4xx_hal.o
 .debug_macro   0x0000000000013902       0x88 ./system/src/stm32f4-hal/stm32f4xx_hal.o
 .debug_macro   0x000000000001398a       0xd5 ./system/src/stm32f4-hal/stm32f4xx_hal.o
 .debug_macro   0x0000000000013a5f      0x183 ./system/src/stm32f4-hal/stm32f4xx_hal.o
 .debug_macro   0x0000000000013be2      0x1a7 ./system/src/stm32f4-hal/stm32f4xx_hal.o
 .debug_macro   0x0000000000013d89       0xa5 ./system/src/stm32f4-hal/stm32f4xx_hal.o
 .debug_macro   0x0000000000013e2e      0x18b ./system/src/stm32f4-hal/stm32f4xx_hal.o
 .debug_macro   0x0000000000013fb9       0x24 ./system/src/stm32f4-hal/stm32f4xx_hal.o
 .debug_macro   0x0000000000013fdd       0x35 ./system/src/stm32f4-hal/stm32f4xx_hal.o
 .debug_macro   0x0000000000014012       0x79 ./system/src/stm32f4-hal/stm32f4xx_hal.o
 .debug_macro   0x000000000001408b      0x11e ./system/src/stm32f4-hal/stm32f4xx_hal.o
 .debug_macro   0x00000000000141a9       0x7f ./system/src/stm32f4-hal/stm32f4xx_hal.o
 .debug_macro   0x0000000000014228       0x89 ./system/src/stm32f4-hal/stm32f4xx_hal.o
 .debug_macro   0x00000000000142b1       0x7e ./system/src/stm32f4-hal/stm32f4xx_hal.o
 .debug_macro   0x000000000001432f      0x31a ./system/src/stm32f4-hal/stm32f4xx_hal.o
 .debug_macro   0x0000000000014649      0x409 ./system/src/stm32f4-hal/stm32f4xx_hal.o
 .debug_macro   0x0000000000014a52       0xe4 ./system/src/stm32f4-hal/stm32f4xx_hal.o
 .debug_macro   0x0000000000014b36      0x48d ./system/src/stm32f4-hal/stm32f4xx_hal.o
 .debug_macro   0x0000000000014fc3      0x22b ./system/src/stm32f4-hal/stm32f4xx_hal.o
 .debug_macro   0x00000000000151ee      0x202 ./system/src/stm32f4-hal/stm32f4xx_hal.o
 .debug_macro   0x00000000000153f0      0x6d9 ./system/src/stm32f4-hal/stm32f4xx_hal.o
 .debug_macro   0x0000000000015ac9       0x5b ./system/src/stm32f4-hal/stm32f4xx_hal.o
 .debug_macro   0x0000000000015b24      0x14d ./system/src/stm32f4-hal/stm32f4xx_hal.o
 .debug_macro   0x0000000000015c71      0x287 ./system/src/stm32f4-hal/stm32f4xx_hal.o
 .debug_macro   0x0000000000015ef8      0x225 ./system/src/stm32f4-hal/stm32f4xx_hal.o
 .debug_macro   0x000000000001611d      0x1b5 ./system/src/stm32f4-hal/stm32f4xx_hal.o
 .debug_macro   0x00000000000162d2      0x2db ./system/src/stm32f4-hal/stm32f4xx_hal.o
 .debug_macro   0x00000000000165ad       0x89 ./system/src/stm32f4-hal/stm32f4xx_hal.o
 .debug_macro   0x0000000000016636      0x1df ./system/src/stm32f4-hal/stm32f4xx_hal.o
 .debug_macro   0x0000000000016815      0x115 ./system/src/stm32f4-hal/stm32f4xx_hal.o
 .debug_macro   0x000000000001692a       0x6e ./system/src/stm32f4-hal/stm32f4xx_hal.o
 .debug_macro   0x0000000000016998      0x125 ./system/src/stm32f4-hal/stm32f4xx_hal.o
 .debug_macro   0x0000000000016abd      0x51f ./system/src/stm32f4-hal/stm32f4xx_hal_cortex.o
 .debug_macro   0x0000000000016fdc      0x557 ./system/src/stm32f4-hal/stm32f4xx_hal_gpio.o
 .debug_macro   0x0000000000017533      0x549 ./system/src/stm32f4-hal/stm32f4xx_hal_rcc.o
 .debug_macro   0x0000000000017a7c      0x1b4 ./system/src/newlib/_exit.o
 .debug_macro   0x0000000000017c30      0x10e ./system/src/newlib/_exit.o
 .debug_macro   0x0000000000017d3e       0x8d ./system/src/newlib/_exit.o
 .debug_macro   0x0000000000017dcb       0x35 ./system/src/newlib/_exit.o
 .debug_macro   0x0000000000017e00      0x169 ./system/src/newlib/_sbrk.o
 .debug_macro   0x0000000000017f69      0x174 ./system/src/newlib/_sbrk.o
 .debug_macro   0x00000000000180dd       0x10 ./system/src/newlib/_sbrk.o
 .debug_macro   0x00000000000180ed      0x23b ./system/src/newlib/_sbrk.o
 .debug_macro   0x0000000000018328      0x188 ./system/src/newlib/_startup.o
 .debug_macro   0x00000000000184b0      0xac0 ./system/src/newlib/_startup.o
 .debug_macro   0x0000000000018f70      0x2e3 ./system/src/newlib/_syscalls.o
 .debug_macro   0x0000000000019253       0x10 ./system/src/newlib/_syscalls.o
 .debug_macro   0x0000000000019263       0x10 ./system/src/newlib/_syscalls.o
 .debug_macro   0x0000000000019273       0x10 ./system/src/newlib/_syscalls.o
 .debug_macro   0x0000000000019283       0x35 ./system/src/newlib/_syscalls.o
 .debug_macro   0x00000000000192b8      0x122 ./system/src/newlib/_syscalls.o
 .debug_macro   0x00000000000193da      0x22a ./system/src/newlib/_syscalls.o
 .debug_macro   0x0000000000019604       0x10 ./system/src/newlib/_syscalls.o
 .debug_macro   0x0000000000019614       0x1c ./system/src/newlib/_syscalls.o
 .debug_macro   0x0000000000019630       0x10 ./system/src/newlib/_syscalls.o
 .debug_macro   0x0000000000019640       0x16 ./system/src/newlib/_syscalls.o
 .debug_macro   0x0000000000019656       0x88 ./system/src/newlib/_syscalls.o
 .debug_macro   0x00000000000196de      0x241 ./system/src/newlib/_syscalls.o
 .debug_macro   0x000000000001991f       0x16 ./system/src/newlib/_syscalls.o
 .debug_macro   0x0000000000019935       0x3a ./system/src/newlib/_syscalls.o
 .debug_macro   0x000000000001996f      0x11f ./system/src/newlib/_syscalls.o
 .debug_macro   0x0000000000019a8e      0x189 ./system/src/newlib/_syscalls.o
 .debug_macro   0x0000000000019c17       0x16 ./system/src/newlib/_syscalls.o
 .debug_macro   0x0000000000019c2d       0x22 ./system/src/newlib/_syscalls.o
 .debug_macro   0x0000000000019c4f      0x1df ./system/src/newlib/assert.o
 .debug_macro   0x0000000000019e2e       0x1c ./system/src/newlib/assert.o
 .debug_macro   0x0000000000019e4a      0x1fb ./system/src/diag/Trace.o
 .debug_macro   0x000000000001a045       0x4c ./system/src/diag/Trace.o
 .debug_macro   0x000000000001a091      0x565 ./system/src/diag/trace_impl.o
 .debug_macro   0x000000000001a5f6      0x529 ./system/src/cortexm/_initialize_hardware.o
 .debug_macro   0x000000000001ab1f      0x5a7 ./system/src/cortexm/exception_handlers.o
 .debug_macro   0x000000000001b0c6       0x3b ./system/src/cortexm/exception_handlers.o
 .debug_macro   0x000000000001b101      0x525 ./system/src/cmsis/system_stm32f4xx.o
 .debug_macro   0x000000000001b626       0x73 ./system/src/cmsis/vectors_stm32f407xx.o
 .debug_macro   0x000000000001b699      0x51f ./src/_initialize_hardware.o
 .debug_macro   0x000000000001bbb8      0x5ae ./src/main.o
 .debug_macro   0x000000000001c166      0x51f ./src/stm32f4xx_hal_msp.o

.debug_ranges   0x0000000000000000       0xa0
 .debug_ranges  0x0000000000000000       0x18 ./system/src/newlib/_startup.o
 .debug_ranges  0x0000000000000018       0x78 ./system/src/cortexm/exception_handlers.o
 .debug_ranges  0x0000000000000090       0x10 ./system/src/cmsis/vectors_stm32f407xx.o
